Der Buildvorgang wurde am 08.03.2026 17:30:52 gestartet.
     1>Projekt "c:\Users\Dmitrist10\Desktop\VoxelGames\Source\Project_08_VE\Source\VoxelEngine\Engine\Core\Engine.Core.Common\Engine.Core.Common.csproj" auf Knoten "1", Restore Ziel(e).
     1>_GetAllRestoreProjectPathItems:
         Wiederherzustellende Projekte werden ermittelt...
     1>Das Projekt "c:\Users\Dmitrist10\Desktop\VoxelGames\Source\Project_08_VE\Source\VoxelEngine\Engine\Core\Engine.Core.Common\Engine.Core.Common.csproj" (1) erstellt "c:\Users\Dmitrist10\Desktop\VoxelGames\Source\Project_08_VE\Source\Librarys\ECS\Arch\Arch.csproj" (3:6) auf Knoten "2", _GenerateProjectRestoreGraph Ziel(e).
   3:6>Das Projekt "c:\Users\Dmitrist10\Desktop\VoxelGames\Source\Project_08_VE\Source\Librarys\ECS\Arch\Arch.csproj" (3:6) erstellt "C:\Users\Dmitrist10\Desktop\VoxelGames\Source\Project_08_VE\Source\Librarys\ECS\Arch\Arch.csproj" (3:7) auf Knoten "2", _GenerateProjectRestoreGraphPerFramework Ziel(e).
     3>AddPrunePackageReferences:
         Loading prune package data from PrunePackageData folder
         Failed to load prune package data from PrunePackageData folder, loading from targeting packs instead
         Looking for targeting packs in C:\Program Files\dotnet\packs\Microsoft.NETCore.App.Ref
         Pack directories found: C:\Program Files\dotnet\packs\Microsoft.NETCore.App.Ref\11.0.0-preview.1.26104.118
         Found package overrides file C:\Program Files\dotnet\packs\Microsoft.NETCore.App.Ref\11.0.0-preview.1.26104.118\data\PackageOverrides.txt
     1>Das Projekt "c:\Users\Dmitrist10\Desktop\VoxelGames\Source\Project_08_VE\Source\VoxelEngine\Engine\Core\Engine.Core.Common\Engine.Core.Common.csproj" (1) erstellt "c:\Users\Dmitrist10\Desktop\VoxelGames\Source\Project_08_VE\Source\Common\Common.Core\Common.Core.csproj" (2:7) auf Knoten "1", _GenerateProjectRestoreGraph Ziel(e).
     2>AddPrunePackageReferences:
         Loading prune package data from PrunePackageData folder
         Failed to load prune package data from PrunePackageData folder, loading from targeting packs instead
         Looking for targeting packs in C:\Program Files\dotnet\packs\Microsoft.NETCore.App.Ref
         Pack directories found: C:\Program Files\dotnet\packs\Microsoft.NETCore.App.Ref\11.0.0-preview.1.26104.118
         Found package overrides file C:\Program Files\dotnet\packs\Microsoft.NETCore.App.Ref\11.0.0-preview.1.26104.118\data\PackageOverrides.txt
     3>Die Erstellung von Projekt "C:\Users\Dmitrist10\Desktop\VoxelGames\Source\Project_08_VE\Source\Librarys\ECS\Arch\Arch.csproj" ist abgeschlossen (_GenerateProjectRestoreGraphPerFramework Ziel(e)).
     3>Die Erstellung von Projekt "c:\Users\Dmitrist10\Desktop\VoxelGames\Source\Project_08_VE\Source\Librarys\ECS\Arch\Arch.csproj" ist abgeschlossen (_GenerateProjectRestoreGraph Ziel(e)).
     2>Die Erstellung von Projekt "c:\Users\Dmitrist10\Desktop\VoxelGames\Source\Project_08_VE\Source\Common\Common.Core\Common.Core.csproj" ist abgeschlossen (_GenerateProjectRestoreGraph Ziel(e)).
     1>Restore:
         Bei der ├£berpr├╝fung der X.509-Zertifikatkette wird der von .NET ausgew├ñhlte Standardvertrauensspeicher f├╝r Codesignaturen verwendet.
         Bei der ├£berpr├╝fung der X.509-Zertifikatkette wird der von .NET ausgew├ñhlte Standardvertrauensspeicher f├╝r Zeitstempel verwendet.
         Die Assetdatei wurde nicht ge├ñndert. Das Schreiben der Assetdatei wird ├╝bersprungen. Pfad: c:\Users\Dmitrist10\Desktop\VoxelGames\Source\Project_08_VE\Source\VoxelEngine\Engine\Core\Engine.Core.Common\obj\project.assets.json
         Die Assetdatei wurde nicht ge├ñndert. Das Schreiben der Assetdatei wird ├╝bersprungen. Pfad: c:\Users\Dmitrist10\Desktop\VoxelGames\Source\Project_08_VE\Source\Common\Common.Core\obj\project.assets.json
         "c:\Users\Dmitrist10\Desktop\VoxelGames\Source\Project_08_VE\Source\VoxelEngine\Engine\Core\Engine.Core.Common\Engine.Core.Common.csproj" wiederhergestellt (in 51 ms.).
         "c:\Users\Dmitrist10\Desktop\VoxelGames\Source\Project_08_VE\Source\Common\Common.Core\Common.Core.csproj" wiederhergestellt (in 51 ms.).
     1>C:\Users\Dmitrist10\Desktop\VoxelGames\Source\Project_08_VE\Source\Librarys\ECS\Arch\Arch.csproj : warning NU1510: PackageReference System.Runtime.CompilerServices.Unsafe wird nicht gek├╝rzt. Erw├ñgen Sie, dieses Paket aus Ihren Abh├ñngigkeiten zu entfernen, da es wahrscheinlich nicht erforderlich ist. [c:\Users\Dmitrist10\Desktop\VoxelGames\Source\Project_08_VE\Source\VoxelEngine\Engine\Core\Engine.Core.Common\Engine.Core.Common.csproj]
         Die Assetdatei wurde nicht ge├ñndert. Das Schreiben der Assetdatei wird ├╝bersprungen. Pfad: C:\Users\Dmitrist10\Desktop\VoxelGames\Source\Project_08_VE\Source\Librarys\ECS\Arch\obj\project.assets.json
         "C:\Users\Dmitrist10\Desktop\VoxelGames\Source\Project_08_VE\Source\Librarys\ECS\Arch\Arch.csproj" wiederhergestellt (in 77 ms.).
         
         Verwendete NuGet-Konfigurationsdateien:
             C:\Users\Dmitrist10\AppData\Roaming\NuGet\NuGet.Config
             C:\Program Files (x86)\NuGet\Config\Microsoft.VisualStudio.FallbackLocation.config
             C:\Program Files (x86)\NuGet\Config\Microsoft.VisualStudio.Offline.config
         
         Verwendete Feeds:
             https://api.nuget.org/v3/index.json
             C:\Program Files (x86)\Microsoft SDKs\NuGetPackages\
         Alle Projekte sind f├╝r die Wiederherstellung auf dem neuesten Stand.
     1>Die Erstellung von Projekt "c:\Users\Dmitrist10\Desktop\VoxelGames\Source\Project_08_VE\Source\VoxelEngine\Engine\Core\Engine.Core.Common\Engine.Core.Common.csproj" ist abgeschlossen (Restore Ziel(e)).
   1:7>Projekt "c:\Users\Dmitrist10\Desktop\VoxelGames\Source\Project_08_VE\Source\VoxelEngine\Engine\Core\Engine.Core.Common\Engine.Core.Common.csproj" auf Knoten "2" (Standardziele).
     1>_CheckForNETCoreSdkIsPreview:
       C:\Program Files\dotnet\sdk\11.0.100-preview.1.26104.118\Sdks\Microsoft.NET.Sdk\targets\Microsoft.NET.RuntimeIdentifierInference.targets(383,5): message NETSDK1057: Sie verwenden eine Vorschauversion von .NET. Weitere Informationen: https://aka.ms/dotnet-support-policy [c:\Users\Dmitrist10\Desktop\VoxelGames\Source\Project_08_VE\Source\VoxelEngine\Engine\Core\Engine.Core.Common\Engine.Core.Common.csproj]
   1:7>Das Projekt "c:\Users\Dmitrist10\Desktop\VoxelGames\Source\Project_08_VE\Source\VoxelEngine\Engine\Core\Engine.Core.Common\Engine.Core.Common.csproj" (1:7) erstellt "C:\Users\Dmitrist10\Desktop\VoxelGames\Source\Project_08_VE\Source\Common\Common.Core\Common.Core.csproj" (2:10) auf Knoten "1" (Standardziele).
     2>_CheckForNETCoreSdkIsPreview:
       C:\Program Files\dotnet\sdk\11.0.100-preview.1.26104.118\Sdks\Microsoft.NET.Sdk\targets\Microsoft.NET.RuntimeIdentifierInference.targets(383,5): message NETSDK1057: Sie verwenden eine Vorschauversion von .NET. Weitere Informationen: https://aka.ms/dotnet-support-policy [C:\Users\Dmitrist10\Desktop\VoxelGames\Source\Project_08_VE\Source\Common\Common.Core\Common.Core.csproj]
   1:7>Das Projekt "c:\Users\Dmitrist10\Desktop\VoxelGames\Source\Project_08_VE\Source\VoxelEngine\Engine\Core\Engine.Core.Common\Engine.Core.Common.csproj" (1:7) erstellt "c:\Users\Dmitrist10\Desktop\VoxelGames\Source\Project_08_VE\Source\Librarys\ECS\Arch\Arch.csproj" (3:9) auf Knoten "2" (Standardziele).
     3>C:\Users\Dmitrist10\Desktop\VoxelGames\Source\Project_08_VE\Source\Librarys\ECS\Arch\Arch.csproj : warning NU1510: PackageReference System.Runtime.CompilerServices.Unsafe wird nicht gek├╝rzt. Erw├ñgen Sie, dieses Paket aus Ihren Abh├ñngigkeiten zu entfernen, da es wahrscheinlich nicht erforderlich ist. [c:\Users\Dmitrist10\Desktop\VoxelGames\Source\Project_08_VE\Source\Librarys\ECS\Arch\Arch.csproj::TargetFramework=net11.0]
       GenerateTargetFrameworkMonikerAttribute:
       Das Ziel "GenerateTargetFrameworkMonikerAttribute" wird ├╝bersprungen, da alle Ausgabedateien hinsichtlich der Eingabedateien aktuell sind.
       CoreGenerateAssemblyInfo:
       Das Ziel "CoreGenerateAssemblyInfo" wird ├╝bersprungen, da alle Ausgabedateien hinsichtlich der Eingabedateien aktuell sind.
       _GenerateSourceLinkFile:
         Die Quellverkn├╝pfungsdatei 'obj\Debug\net11.0\Common.Core.sourcelink.json' ist aktuell.
       CoreCompile:
       Das Ziel "CoreCompile" wird ├╝bersprungen, da alle Ausgabedateien hinsichtlich der Eingabedateien aktuell sind.
       GenerateBuildDependencyFile:
       Das Ziel "GenerateBuildDependencyFile" wird ├╝bersprungen, da alle Ausgabedateien hinsichtlich der Eingabedateien aktuell sind.
       CopyFilesToOutputDirectory:
         Common.Core -> C:\Users\Dmitrist10\Desktop\VoxelGames\Source\Project_08_VE\bin\Common.Core\net11.0\Common.Core.dll
     2>Die Erstellung von Projekt "C:\Users\Dmitrist10\Desktop\VoxelGames\Source\Project_08_VE\Source\Common\Common.Core\Common.Core.csproj" ist abgeschlossen (Standardziele).
     3>GenerateTargetFrameworkMonikerAttribute:
       Das Ziel "GenerateTargetFrameworkMonikerAttribute" wird ├╝bersprungen, da alle Ausgabedateien hinsichtlich der Eingabedateien aktuell sind.
       CoreGenerateAssemblyInfo:
       Das Ziel "CoreGenerateAssemblyInfo" wird ├╝bersprungen, da alle Ausgabedateien hinsichtlich der Eingabedateien aktuell sind.
       _GenerateSourceLinkFile:
         Die Quellverkn├╝pfungsdatei 'obj\Debug\net11.0\Arch.sourcelink.json' ist aktuell.
       CoreCompile:
       Das Ziel "CoreCompile" wird ├╝bersprungen, da alle Ausgabedateien hinsichtlich der Eingabedateien aktuell sind.
       GenerateBuildDependencyFile:
       Das Ziel "GenerateBuildDependencyFile" wird ├╝bersprungen, da alle Ausgabedateien hinsichtlich der Eingabedateien aktuell sind.
       CopyFilesToOutputDirectory:
         Arch -> C:\Users\Dmitrist10\Desktop\VoxelGames\Source\Project_08_VE\bin\Arch\net11.0\Arch.dll
     3>Die Erstellung von Projekt "c:\Users\Dmitrist10\Desktop\VoxelGames\Source\Project_08_VE\Source\Librarys\ECS\Arch\Arch.csproj" ist abgeschlossen (Standardziele).
     1>GenerateTargetFrameworkMonikerAttribute:
       Das Ziel "GenerateTargetFrameworkMonikerAttribute" wird ├╝bersprungen, da alle Ausgabedateien hinsichtlich der Eingabedateien aktuell sind.
       CoreGenerateAssemblyInfo:
       Das Ziel "CoreGenerateAssemblyInfo" wird ├╝bersprungen, da alle Ausgabedateien hinsichtlich der Eingabedateien aktuell sind.
       _GenerateSourceLinkFile:
         Quellverkn├╝pfungsdatei wird 'obj\Debug\net11.0\Engine.Core.Common.sourcelink.json' aktualisiert.
       CoreCompile:
         Setting DOTNET_ROOT to 'C:\Program Files\dotnet'
         C:\Program Files\dotnet\sdk\11.0.100-preview.1.26104.118\Roslyn\bincore\csc.exe /noconfig /unsafe+ /checked- /nowarn:1701,1702,1701,1702,8002 /fullpaths /nostdlib+ /errorreport:prompt /warn:11 /define:JIT;DEBUG;LOGGING;TRACE;DEBUG;NET;NET11_0;NETCOREAPP;NET5_0_OR_GREATER;NET6_0_OR_GREATER;NET7_0_OR_GREATER;NET8_0_OR_GREATER;NET9_0_OR_GREATER;NET10_0_OR_GREATER;NET11_0_OR_GREATER;NETCOREAPP1_0_OR_GREATER;NETCOREAPP1_1_OR_GREATER;NETCOREAPP2_0_OR_GREATER;NETCOREAPP2_1_OR_GREATER;NETCOREAPP2_2_OR_GREATER;NETCOREAPP3_0_OR_GREATER;NETCOREAPP3_1_OR_GREATER /highentropyva+ /nullable:enable /reference:C:\Users\Dmitrist10\Desktop\VoxelGames\Source\Project_08_VE\Source\Librarys\ECS\Arch\obj\Debug\net11.0\ref\Arch.dll /reference:C:\Users\Dmitrist10\.nuget\packages\arch.lowlevel\1.1.5\lib\net7.0\Arch.LowLevel.dll /reference:C:\Users\Dmitrist10\.nuget\packages\assimpnet\4.1.0\lib\netstandard1.3\AssimpNet.dll /reference:C:\Users\Dmitrist10\.nuget\packages\collections.pooled\2.0.0-preview.27\lib\netcoreapp3.0\Collections.Pooled.dll /reference:C:\Users\Dmitrist10\Desktop\VoxelGames\Source\Project_08_VE\Source\Common\Common.Core\obj\Debug\net11.0\ref\Common.Core.dll /reference:C:\Users\Dmitrist10\.nuget\packages\communitytoolkit.highperformance\8.2.2\lib\net7.0\CommunityToolkit.HighPerformance.dll /reference:"C:\Program Files\dotnet\packs\Microsoft.NETCore.App.Ref\11.0.0-preview.1.26104.118\ref\net11.0\Microsoft.CSharp.dll" /reference:C:\Users\Dmitrist10\.nuget\packages\microsoft.extensions.objectpool\7.0.0\lib\net7.0\Microsoft.Extensions.ObjectPool.dll /reference:"C:\Program Files\dotnet\packs\Microsoft.NETCore.App.Ref\11.0.0-preview.1.26104.118\ref\net11.0\Microsoft.VisualBasic.Core.dll" /reference:"C:\Program Files\dotnet\packs\Microsoft.NETCore.App.Ref\11.0.0-preview.1.26104.118\ref\net11.0\Microsoft.VisualBasic.dll" /reference:"C:\Program Files\dotnet\packs\Microsoft.NETCore.App.Ref\11.0.0-preview.1.26104.118\ref\net11.0\Microsoft.Win32.Primitives.dll" /reference:"C:\Program Files\dotnet\packs\Microsoft.NETCore.App.Ref\11.0.0-preview.1.26104.118\ref\net11.0\Microsoft.Win32.Registry.dll" /reference:"C:\Program Files\dotnet\packs\Microsoft.NETCore.App.Ref\11.0.0-preview.1.26104.118\ref\net11.0\mscorlib.dll" /reference:"C:\Program Files\dotnet\packs\Microsoft.NETCore.App.Ref\11.0.0-preview.1.26104.118\ref\net11.0\netstandard.dll" /reference:C:\Users\Dmitrist10\.nuget\packages\zeroallocjobscheduler\1.1.2\lib\netstandard2.1\Schedulers.dll /reference:C:\Users\Dmitrist10\.nuget\packages\stbimagesharp\2.30.15\lib\netstandard2.0\StbImageSharp.dll /reference:"C:\Program Files\dotnet\packs\Microsoft.NETCore.App.Ref\11.0.0-preview.1.26104.118\ref\net11.0\System.AppContext.dll" /reference:"C:\Program Files\dotnet\packs\Microsoft.NETCore.App.Ref\11.0.0-preview.1.26104.118\ref\net11.0\System.Buffers.dll" /reference:"C:\Program Files\dotnet\packs\Microsoft.NETCore.App.Ref\11.0.0-preview.1.26104.118\ref\net11.0\System.Collections.Concurrent.dll" /reference:"C:\Program Files\dotnet\packs\Microsoft.NETCore.App.Ref\11.0.0-preview.1.26104.118\ref\net11.0\System.Collections.dll" /reference:"C:\Program Files\dotnet\packs\Microsoft.NETCore.App.Ref\11.0.0-preview.1.26104.118\ref\net11.0\System.Collections.Immutable.dll" /reference:"C:\Program Files\dotnet\packs\Microsoft.NETCore.App.Ref\11.0.0-preview.1.26104.118\ref\net11.0\System.Collections.NonGeneric.dll" /reference:"C:\Program Files\dotnet\packs\Microsoft.NETCore.App.Ref\11.0.0-preview.1.26104.118\ref\net11.0\System.Collections.Specialized.dll" /reference:"C:\Program Files\dotnet\packs\Microsoft.NETCore.App.Ref\11.0.0-preview.1.26104.118\ref\net11.0\System.ComponentModel.Annotations.dll" /reference:"C:\Program Files\dotnet\packs\Microsoft.NETCore.App.Ref\11.0.0-preview.1.26104.118\ref\net11.0\System.ComponentModel.DataAnnotations.dll" /reference:"C:\Program Files\dotnet\packs\Microsoft.NETCore.App.Ref\11.0.0-preview.1.26104.118\ref\net11.0\System.ComponentModel.dll" /reference:"C:\Program Files\dotnet\packs\Microsoft.NETCore.App.Ref\11.0.0-preview.1.26104.118\ref\net11.0\System.ComponentModel.EventBasedAsync.dll" /reference:"C:\Program Files\dotnet\packs\Microsoft.NETCore.App.Ref\11.0.0-preview.1.26104.118\ref\net11.0\System.ComponentModel.Primitives.dll" /reference:"C:\Program Files\dotnet\packs\Microsoft.NETCore.App.Ref\11.0.0-preview.1.26104.118\ref\net11.0\System.ComponentModel.TypeConverter.dll" /reference:"C:\Program Files\dotnet\packs\Microsoft.NETCore.App.Ref\11.0.0-preview.1.26104.118\ref\net11.0\System.Configuration.dll" /reference:"C:\Program Files\dotnet\packs\Microsoft.NETCore.App.Ref\11.0.0-preview.1.26104.118\ref\net11.0\System.Console.dll" /reference:"C:\Program Files\dotnet\packs\Microsoft.NETCore.App.Ref\11.0.0-preview.1.26104.118\ref\net11.0\System.Core.dll" /reference:"C:\Program Files\dotnet\packs\Microsoft.NETCore.App.Ref\11.0.0-preview.1.26104.118\ref\net11.0\System.Data.Common.dll" /reference:"C:\Program Files\dotnet\packs\Microsoft.NETCore.App.Ref\11.0.0-preview.1.26104.118\ref\net11.0\System.Data.DataSetExtensions.dll" /reference:"C:\Program Files\dotnet\packs\Microsoft.NETCore.App.Ref\11.0.0-preview.1.26104.118\ref\net11.0\System.Data.dll" /reference:"C:\Program Files\dotnet\packs\Microsoft.NETCore.App.Ref\11.0.0-preview.1.26104.118\ref\net11.0\System.Diagnostics.Contracts.dll" /reference:"C:\Program Files\dotnet\packs\Microsoft.NETCore.App.Ref\11.0.0-preview.1.26104.118\ref\net11.0\System.Diagnostics.Debug.dll" /reference:"C:\Program Files\dotnet\packs\Microsoft.NETCore.App.Ref\11.0.0-preview.1.26104.118\ref\net11.0\System.Diagnostics.DiagnosticSource.dll" /reference:"C:\Program Files\dotnet\packs\Microsoft.NETCore.App.Ref\11.0.0-preview.1.26104.118\ref\net11.0\System.Diagnostics.FileVersionInfo.dll" /reference:"C:\Program Files\dotnet\packs\Microsoft.NETCore.App.Ref\11.0.0-preview.1.26104.118\ref\net11.0\System.Diagnostics.Process.dll" /reference:"C:\Program Files\dotnet\packs\Microsoft.NETCore.App.Ref\11.0.0-preview.1.26104.118\ref\net11.0\System.Diagnostics.StackTrace.dll" /reference:"C:\Program Files\dotnet\packs\Microsoft.NETCore.App.Ref\11.0.0-preview.1.26104.118\ref\net11.0\System.Diagnostics.TextWriterTraceListener.dll" /reference:"C:\Program Files\dotnet\packs\Microsoft.NETCore.App.Ref\11.0.0-preview.1.26104.118\ref\net11.0\System.Diagnostics.Tools.dll" /reference:"C:\Program Files\dotnet\packs\Microsoft.NETCore.App.Ref\11.0.0-preview.1.26104.118\ref\net11.0\System.Diagnostics.TraceSource.dll" /reference:"C:\Program Files\dotnet\packs\Microsoft.NETCore.App.Ref\11.0.0-preview.1.26104.118\ref\net11.0\System.Diagnostics.Tracing.dll" /reference:"C:\Program Files\dotnet\packs\Microsoft.NETCore.App.Ref\11.0.0-preview.1.26104.118\ref\net11.0\System.dll" /reference:"C:\Program Files\dotnet\packs\Microsoft.NETCore.App.Ref\11.0.0-preview.1.26104.118\ref\net11.0\System.Drawing.dll" /reference:"C:\Program Files\dotnet\packs\Microsoft.NETCore.App.Ref\11.0.0-preview.1.26104.118\ref\net11.0\System.Drawing.Primitives.dll" /reference:"C:\Program Files\dotnet\packs\Microsoft.NETCore.App.Ref\11.0.0-preview.1.26104.118\ref\net11.0\System.Dynamic.Runtime.dll" /reference:"C:\Program Files\dotnet\packs\Microsoft.NETCore.App.Ref\11.0.0-preview.1.26104.118\ref\net11.0\System.Formats.Asn1.dll" /reference:"C:\Program Files\dotnet\packs\Microsoft.NETCore.App.Ref\11.0.0-preview.1.26104.118\ref\net11.0\System.Formats.Tar.dll" /reference:"C:\Program Files\dotnet\packs\Microsoft.NETCore.App.Ref\11.0.0-preview.1.26104.118\ref\net11.0\System.Globalization.Calendars.dll" /reference:"C:\Program Files\dotnet\packs\Microsoft.NETCore.App.Ref\11.0.0-preview.1.26104.118\ref\net11.0\System.Globalization.dll" /reference:"C:\Program Files\dotnet\packs\Microsoft.NETCore.App.Ref\11.0.0-preview.1.26104.118\ref\net11.0\System.Globalization.Extensions.dll" /reference:"C:\Program Files\dotnet\packs\Microsoft.NETCore.App.Ref\11.0.0-preview.1.26104.118\ref\net11.0\System.IO.Compression.Brotli.dll" /reference:"C:\Program Files\dotnet\packs\Microsoft.NETCore.App.Ref\11.0.0-preview.1.26104.118\ref\net11.0\System.IO.Compression.dll" /reference:"C:\Program Files\dotnet\packs\Microsoft.NETCore.App.Ref\11.0.0-preview.1.26104.118\ref\net11.0\System.IO.Compression.FileSystem.dll" /reference:"C:\Program Files\dotnet\packs\Microsoft.NETCore.App.Ref\11.0.0-preview.1.26104.118\ref\net11.0\System.IO.Compression.ZipFile.dll" /reference:"C:\Program Files\dotnet\packs\Microsoft.NETCore.App.Ref\11.0.0-preview.1.26104.118\ref\net11.0\System.IO.Compression.Zstandard.dll" /reference:"C:\Program Files\dotnet\packs\Microsoft.NETCore.App.Ref\11.0.0-preview.1.26104.118\ref\net11.0\System.IO.dll" /reference:"C:\Program Files\dotnet\packs\Microsoft.NETCore.App.Ref\11.0.0-preview.1.26104.118\ref\net11.0\System.IO.FileSystem.AccessControl.dll" /reference:"C:\Program Files\dotnet\packs\Microsoft.NETCore.App.Ref\11.0.0-preview.1.26104.118\ref\net11.0\System.IO.FileSystem.dll" /reference:"C:\Program Files\dotnet\packs\Microsoft.NETCore.App.Ref\11.0.0-preview.1.26104.118\ref\net11.0\System.IO.FileSystem.DriveInfo.dll" /reference:"C:\Program Files\dotnet\packs\Microsoft.NETCore.App.Ref\11.0.0-preview.1.26104.118\ref\net11.0\System.IO.FileSystem.Primitives.dll" /reference:"C:\Program Files\dotnet\packs\Microsoft.NETCore.App.Ref\11.0.0-preview.1.26104.118\ref\net11.0\System.IO.FileSystem.Watcher.dll" /reference:"C:\Program Files\dotnet\packs\Microsoft.NETCore.App.Ref\11.0.0-preview.1.26104.118\ref\net11.0\System.IO.IsolatedStorage.dll" /reference:"C:\Program Files\dotnet\packs\Microsoft.NETCore.App.Ref\11.0.0-preview.1.26104.118\ref\net11.0\System.IO.MemoryMappedFiles.dll" /reference:"C:\Program Files\dotnet\packs\Microsoft.NETCore.App.Ref\11.0.0-preview.1.26104.118\ref\net11.0\System.IO.Pipelines.dll" /reference:"C:\Program Files\dotnet\packs\Microsoft.NETCore.App.Ref\11.0.0-preview.1.26104.118\ref\net11.0\System.IO.Pipes.AccessControl.dll" /reference:"C:\Program Files\dotnet\packs\Microsoft.NETCore.App.Ref\11.0.0-preview.1.26104.118\ref\net11.0\System.IO.Pipes.dll" /reference:"C:\Program Files\dotnet\packs\Microsoft.NETCore.App.Ref\11.0.0-preview.1.26104.118\ref\net11.0\System.IO.UnmanagedMemoryStream.dll" /reference:"C:\Program Files\dotnet\packs\Microsoft.NETCore.App.Ref\11.0.0-preview.1.26104.118\ref\net11.0\System.Linq.AsyncEnumerable.dll" /reference:"C:\Program Files\dotnet\packs\Microsoft.NETCore.App.Ref\11.0.0-preview.1.26104.118\ref\net11.0\System.Linq.dll" /reference:"C:\Program Files\dotnet\packs\Microsoft.NETCore.App.Ref\11.0.0-preview.1.26104.118\ref\net11.0\System.Linq.Expressions.dll" /reference:"C:\Program Files\dotnet\packs\Microsoft.NETCore.App.Ref\11.0.0-preview.1.26104.118\ref\net11.0\System.Linq.Parallel.dll" /reference:"C:\Program Files\dotnet\packs\Microsoft.NETCore.App.Ref\11.0.0-preview.1.26104.118\ref\net11.0\System.Linq.Queryable.dll" /reference:"C:\Program Files\dotnet\packs\Microsoft.NETCore.App.Ref\11.0.0-preview.1.26104.118\ref\net11.0\System.Memory.dll" /reference:"C:\Program Files\dotnet\packs\Microsoft.NETCore.App.Ref\11.0.0-preview.1.26104.118\ref\net11.0\System.Net.dll" /reference:"C:\Program Files\dotnet\packs\Microsoft.NETCore.App.Ref\11.0.0-preview.1.26104.118\ref\net11.0\System.Net.Http.dll" /reference:"C:\Program Files\dotnet\packs\Microsoft.NETCore.App.Ref\11.0.0-preview.1.26104.118\ref\net11.0\System.Net.Http.Json.dll" /reference:"C:\Program Files\dotnet\packs\Microsoft.NETCore.App.Ref\11.0.0-preview.1.26104.118\ref\net11.0\System.Net.HttpListener.dll" /reference:"C:\Program Files\dotnet\packs\Microsoft.NETCore.App.Ref\11.0.0-preview.1.26104.118\ref\net11.0\System.Net.Mail.dll" /reference:"C:\Program Files\dotnet\packs\Microsoft.NETCore.App.Ref\11.0.0-preview.1.26104.118\ref\net11.0\System.Net.NameResolution.dll" /reference:"C:\Program Files\dotnet\packs\Microsoft.NETCore.App.Ref\11.0.0-preview.1.26104.118\ref\net11.0\System.Net.NetworkInformation.dll" /reference:"C:\Program Files\dotnet\packs\Microsoft.NETCore.App.Ref\11.0.0-preview.1.26104.118\ref\net11.0\System.Net.Ping.dll" /reference:"C:\Program Files\dotnet\packs\Microsoft.NETCore.App.Ref\11.0.0-preview.1.26104.118\ref\net11.0\System.Net.Primitives.dll" /reference:"C:\Program Files\dotnet\packs\Microsoft.NETCore.App.Ref\11.0.0-preview.1.26104.118\ref\net11.0\System.Net.Quic.dll" /reference:"C:\Program Files\dotnet\packs\Microsoft.NETCore.App.Ref\11.0.0-preview.1.26104.118\ref\net11.0\System.Net.Requests.dll" /reference:"C:\Program Files\dotnet\packs\Microsoft.NETCore.App.Ref\11.0.0-preview.1.26104.118\ref\net11.0\System.Net.Security.dll" /reference:"C:\Program Files\dotnet\packs\Microsoft.NETCore.App.Ref\11.0.0-preview.1.26104.118\ref\net11.0\System.Net.ServerSentEvents.dll" /reference:"C:\Program Files\dotnet\packs\Microsoft.NETCore.App.Ref\11.0.0-preview.1.26104.118\ref\net11.0\System.Net.ServicePoint.dll" /reference:"C:\Program Files\dotnet\packs\Microsoft.NETCore.App.Ref\11.0.0-preview.1.26104.118\ref\net11.0\System.Net.Sockets.dll" /reference:"C:\Program Files\dotnet\packs\Microsoft.NETCore.App.Ref\11.0.0-preview.1.26104.118\ref\net11.0\System.Net.WebClient.dll" /reference:"C:\Program Files\dotnet\packs\Microsoft.NETCore.App.Ref\11.0.0-preview.1.26104.118\ref\net11.0\System.Net.WebHeaderCollection.dll" /reference:"C:\Program Files\dotnet\packs\Microsoft.NETCore.App.Ref\11.0.0-preview.1.26104.118\ref\net11.0\System.Net.WebProxy.dll" /reference:"C:\Program Files\dotnet\packs\Microsoft.NETCore.App.Ref\11.0.0-preview.1.26104.118\ref\net11.0\System.Net.WebSockets.Client.dll" /reference:"C:\Program Files\dotnet\packs\Microsoft.NETCore.App.Ref\11.0.0-preview.1.26104.118\ref\net11.0\System.Net.WebSockets.dll" /reference:"C:\Program Files\dotnet\packs\Microsoft.NETCore.App.Ref\11.0.0-preview.1.26104.118\ref\net11.0\System.Numerics.dll" /reference:"C:\Program Files\dotnet\packs\Microsoft.NETCore.App.Ref\11.0.0-preview.1.26104.118\ref\net11.0\System.Numerics.Vectors.dll" /reference:"C:\Program Files\dotnet\packs\Microsoft.NETCore.App.Ref\11.0.0-preview.1.26104.118\ref\net11.0\System.ObjectModel.dll" /reference:"C:\Program Files\dotnet\packs\Microsoft.NETCore.App.Ref\11.0.0-preview.1.26104.118\ref\net11.0\System.Reflection.DispatchProxy.dll" /reference:"C:\Program Files\dotnet\packs\Microsoft.NETCore.App.Ref\11.0.0-preview.1.26104.118\ref\net11.0\System.Reflection.dll" /reference:"C:\Program Files\dotnet\packs\Microsoft.NETCore.App.Ref\11.0.0-preview.1.26104.118\ref\net11.0\System.Reflection.Emit.dll" /reference:"C:\Program Files\dotnet\packs\Microsoft.NETCore.App.Ref\11.0.0-preview.1.26104.118\ref\net11.0\System.Reflection.Emit.ILGeneration.dll" /reference:"C:\Program Files\dotnet\packs\Microsoft.NETCore.App.Ref\11.0.0-preview.1.26104.118\ref\net11.0\System.Reflection.Emit.Lightweight.dll" /reference:"C:\Program Files\dotnet\packs\Microsoft.NETCore.App.Ref\11.0.0-preview.1.26104.118\ref\net11.0\System.Reflection.Extensions.dll" /reference:"C:\Program Files\dotnet\packs\Microsoft.NETCore.App.Ref\11.0.0-preview.1.26104.118\ref\net11.0\System.Reflection.Metadata.dll" /reference:"C:\Program Files\dotnet\packs\Microsoft.NETCore.App.Ref\11.0.0-preview.1.26104.118\ref\net11.0\System.Reflection.Primitives.dll" /reference:"C:\Program Files\dotnet\packs\Microsoft.NETCore.App.Ref\11.0.0-preview.1.26104.118\ref\net11.0\System.Reflection.TypeExtensions.dll" /reference:"C:\Program Files\dotnet\packs\Microsoft.NETCore.App.Ref\11.0.0-preview.1.26104.118\ref\net11.0\System.Resources.Reader.dll" /reference:"C:\Program Files\dotnet\packs\Microsoft.NETCore.App.Ref\11.0.0-preview.1.26104.118\ref\net11.0\System.Resources.ResourceManager.dll" /reference:"C:\Program Files\dotnet\packs\Microsoft.NETCore.App.Ref\11.0.0-preview.1.26104.118\ref\net11.0\System.Resources.Writer.dll" /reference:"C:\Program Files\dotnet\packs\Microsoft.NETCore.App.Ref\11.0.0-preview.1.26104.118\ref\net11.0\System.Runtime.CompilerServices.Unsafe.dll" /reference:"C:\Program Files\dotnet\packs\Microsoft.NETCore.App.Ref\11.0.0-preview.1.26104.118\ref\net11.0\System.Runtime.CompilerServices.VisualC.dll" /reference:"C:\Program Files\dotnet\packs\Microsoft.NETCore.App.Ref\11.0.0-preview.1.26104.118\ref\net11.0\System.Runtime.dll" /reference:"C:\Program Files\dotnet\packs\Microsoft.NETCore.App.Ref\11.0.0-preview.1.26104.118\ref\net11.0\System.Runtime.Extensions.dll" /reference:"C:\Program Files\dotnet\packs\Microsoft.NETCore.App.Ref\11.0.0-preview.1.26104.118\ref\net11.0\System.Runtime.Handles.dll" /reference:"C:\Program Files\dotnet\packs\Microsoft.NETCore.App.Ref\11.0.0-preview.1.26104.118\ref\net11.0\System.Runtime.InteropServices.dll" /reference:"C:\Program Files\dotnet\packs\Microsoft.NETCore.App.Ref\11.0.0-preview.1.26104.118\ref\net11.0\System.Runtime.InteropServices.JavaScript.dll" /reference:"C:\Program Files\dotnet\packs\Microsoft.NETCore.App.Ref\11.0.0-preview.1.26104.118\ref\net11.0\System.Runtime.InteropServices.RuntimeInformation.dll" /reference:"C:\Program Files\dotnet\packs\Microsoft.NETCore.App.Ref\11.0.0-preview.1.26104.118\ref\net11.0\System.Runtime.Intrinsics.dll" /reference:"C:\Program Files\dotnet\packs\Microsoft.NETCore.App.Ref\11.0.0-preview.1.26104.118\ref\net11.0\System.Runtime.Loader.dll" /reference:"C:\Program Files\dotnet\packs\Microsoft.NETCore.App.Ref\11.0.0-preview.1.26104.118\ref\net11.0\System.Runtime.Numerics.dll" /reference:"C:\Program Files\dotnet\packs\Microsoft.NETCore.App.Ref\11.0.0-preview.1.26104.118\ref\net11.0\System.Runtime.Serialization.dll" /reference:"C:\Program Files\dotnet\packs\Microsoft.NETCore.App.Ref\11.0.0-preview.1.26104.118\ref\net11.0\System.Runtime.Serialization.Formatters.dll" /reference:"C:\Program Files\dotnet\packs\Microsoft.NETCore.App.Ref\11.0.0-preview.1.26104.118\ref\net11.0\System.Runtime.Serialization.Json.dll" /reference:"C:\Program Files\dotnet\packs\Microsoft.NETCore.App.Ref\11.0.0-preview.1.26104.118\ref\net11.0\System.Runtime.Serialization.Primitives.dll" /reference:"C:\Program Files\dotnet\packs\Microsoft.NETCore.App.Ref\11.0.0-preview.1.26104.118\ref\net11.0\System.Runtime.Serialization.Xml.dll" /reference:"C:\Program Files\dotnet\packs\Microsoft.NETCore.App.Ref\11.0.0-preview.1.26104.118\ref\net11.0\System.Security.AccessControl.dll" /reference:"C:\Program Files\dotnet\packs\Microsoft.NETCore.App.Ref\11.0.0-preview.1.26104.118\ref\net11.0\System.Security.Claims.dll" /reference:"C:\Program Files\dotnet\packs\Microsoft.NETCore.App.Ref\11.0.0-preview.1.26104.118\ref\net11.0\System.Security.Cryptography.Algorithms.dll" /reference:"C:\Program Files\dotnet\packs\Microsoft.NETCore.App.Ref\11.0.0-preview.1.26104.118\ref\net11.0\System.Security.Cryptography.Cng.dll" /reference:"C:\Program Files\dotnet\packs\Microsoft.NETCore.App.Ref\11.0.0-preview.1.26104.118\ref\net11.0\System.Security.Cryptography.Csp.dll" /reference:"C:\Program Files\dotnet\packs\Microsoft.NETCore.App.Ref\11.0.0-preview.1.26104.118\ref\net11.0\System.Security.Cryptography.dll" /reference:"C:\Program Files\dotnet\packs\Microsoft.NETCore.App.Ref\11.0.0-preview.1.26104.118\ref\net11.0\System.Security.Cryptography.Encoding.dll" /reference:"C:\Program Files\dotnet\packs\Microsoft.NETCore.App.Ref\11.0.0-preview.1.26104.118\ref\net11.0\System.Security.Cryptography.OpenSsl.dll" /reference:"C:\Program Files\dotnet\packs\Microsoft.NETCore.App.Ref\11.0.0-preview.1.26104.118\ref\net11.0\System.Security.Cryptography.Primitives.dll" /reference:"C:\Program Files\dotnet\packs\Microsoft.NETCore.App.Ref\11.0.0-preview.1.26104.118\ref\net11.0\System.Security.Cryptography.X509Certificates.dll" /reference:"C:\Program Files\dotnet\packs\Microsoft.NETCore.App.Ref\11.0.0-preview.1.26104.118\ref\net11.0\System.Security.dll" /reference:"C:\Program Files\dotnet\packs\Microsoft.NETCore.App.Ref\11.0.0-preview.1.26104.118\ref\net11.0\System.Security.Principal.dll" /reference:"C:\Program Files\dotnet\packs\Microsoft.NETCore.App.Ref\11.0.0-preview.1.26104.118\ref\net11.0\System.Security.Principal.Windows.dll" /reference:"C:\Program Files\dotnet\packs\Microsoft.NETCore.App.Ref\11.0.0-preview.1.26104.118\ref\net11.0\System.Security.SecureString.dll" /reference:"C:\Program Files\dotnet\packs\Microsoft.NETCore.App.Ref\11.0.0-preview.1.26104.118\ref\net11.0\System.ServiceModel.Web.dll" /reference:"C:\Program Files\dotnet\packs\Microsoft.NETCore.App.Ref\11.0.0-preview.1.26104.118\ref\net11.0\System.ServiceProcess.dll" /reference:"C:\Program Files\dotnet\packs\Microsoft.NETCore.App.Ref\11.0.0-preview.1.26104.118\ref\net11.0\System.Text.Encoding.CodePages.dll" /reference:"C:\Program Files\dotnet\packs\Microsoft.NETCore.App.Ref\11.0.0-preview.1.26104.118\ref\net11.0\System.Text.Encoding.dll" /reference:"C:\Program Files\dotnet\packs\Microsoft.NETCore.App.Ref\11.0.0-preview.1.26104.118\ref\net11.0\System.Text.Encoding.Extensions.dll" /reference:"C:\Program Files\dotnet\packs\Microsoft.NETCore.App.Ref\11.0.0-preview.1.26104.118\ref\net11.0\System.Text.Encodings.Web.dll" /reference:"C:\Program Files\dotnet\packs\Microsoft.NETCore.App.Ref\11.0.0-preview.1.26104.118\ref\net11.0\System.Text.Json.dll" /reference:"C:\Program Files\dotnet\packs\Microsoft.NETCore.App.Ref\11.0.0-preview.1.26104.118\ref\net11.0\System.Text.RegularExpressions.dll" /reference:"C:\Program Files\dotnet\packs\Microsoft.NETCore.App.Ref\11.0.0-preview.1.26104.118\ref\net11.0\System.Threading.AccessControl.dll" /reference:"C:\Program Files\dotnet\packs\Microsoft.NETCore.App.Ref\11.0.0-preview.1.26104.118\ref\net11.0\System.Threading.Channels.dll" /reference:"C:\Program Files\dotnet\packs\Microsoft.NETCore.App.Ref\11.0.0-preview.1.26104.118\ref\net11.0\System.Threading.dll" /reference:"C:\Program Files\dotnet\packs\Microsoft.NETCore.App.Ref\11.0.0-preview.1.26104.118\ref\net11.0\System.Threading.Overlapped.dll" /reference:"C:\Program Files\dotnet\packs\Microsoft.NETCore.App.Ref\11.0.0-preview.1.26104.118\ref\net11.0\System.Threading.Tasks.Dataflow.dll" /reference:"C:\Program Files\dotnet\packs\Microsoft.NETCore.App.Ref\11.0.0-preview.1.26104.118\ref\net11.0\System.Threading.Tasks.dll" /reference:"C:\Program Files\dotnet\packs\Microsoft.NETCore.App.Ref\11.0.0-preview.1.26104.118\ref\net11.0\System.Threading.Tasks.Extensions.dll" /reference:"C:\Program Files\dotnet\packs\Microsoft.NETCore.App.Ref\11.0.0-preview.1.26104.118\ref\net11.0\System.Threading.Tasks.Parallel.dll" /reference:"C:\Program Files\dotnet\packs\Microsoft.NETCore.App.Ref\11.0.0-preview.1.26104.118\ref\net11.0\System.Threading.Thread.dll" /reference:"C:\Program Files\dotnet\packs\Microsoft.NETCore.App.Ref\11.0.0-preview.1.26104.118\ref\net11.0\System.Threading.ThreadPool.dll" /reference:"C:\Program Files\dotnet\packs\Microsoft.NETCore.App.Ref\11.0.0-preview.1.26104.118\ref\net11.0\System.Threading.Timer.dll" /reference:"C:\Program Files\dotnet\packs\Microsoft.NETCore.App.Ref\11.0.0-preview.1.26104.118\ref\net11.0\System.Transactions.dll" /reference:"C:\Program Files\dotnet\packs\Microsoft.NETCore.App.Ref\11.0.0-preview.1.26104.118\ref\net11.0\System.Transactions.Local.dll" /reference:"C:\Program Files\dotnet\packs\Microsoft.NETCore.App.Ref\11.0.0-preview.1.26104.118\ref\net11.0\System.ValueTuple.dll" /reference:"C:\Program Files\dotnet\packs\Microsoft.NETCore.App.Ref\11.0.0-preview.1.26104.118\ref\net11.0\System.Web.dll" /reference:"C:\Program Files\dotnet\packs\Microsoft.NETCore.App.Ref\11.0.0-preview.1.26104.118\ref\net11.0\System.Web.HttpUtility.dll" /reference:"C:\Program Files\dotnet\packs\Microsoft.NETCore.App.Ref\11.0.0-preview.1.26104.118\ref\net11.0\System.Windows.dll" /reference:"C:\Program Files\dotnet\packs\Microsoft.NETCore.App.Ref\11.0.0-preview.1.26104.118\ref\net11.0\System.Xml.dll" /reference:"C:\Program Files\dotnet\packs\Microsoft.NETCore.App.Ref\11.0.0-preview.1.26104.118\ref\net11.0\System.Xml.Linq.dll" /reference:"C:\Program Files\dotnet\packs\Microsoft.NETCore.App.Ref\11.0.0-preview.1.26104.118\ref\net11.0\System.Xml.ReaderWriter.dll" /reference:"C:\Program Files\dotnet\packs\Microsoft.NETCore.App.Ref\11.0.0-preview.1.26104.118\ref\net11.0\System.Xml.Serialization.dll" /reference:"C:\Program Files\dotnet\packs\Microsoft.NETCore.App.Ref\11.0.0-preview.1.26104.118\ref\net11.0\System.Xml.XDocument.dll" /reference:"C:\Program Files\dotnet\packs\Microsoft.NETCore.App.Ref\11.0.0-preview.1.26104.118\ref\net11.0\System.Xml.XmlDocument.dll" /reference:"C:\Program Files\dotnet\packs\Microsoft.NETCore.App.Ref\11.0.0-preview.1.26104.118\ref\net11.0\System.Xml.XmlSerializer.dll" /reference:"C:\Program Files\dotnet\packs\Microsoft.NETCore.App.Ref\11.0.0-preview.1.26104.118\ref\net11.0\System.Xml.XPath.dll" /reference:"C:\Program Files\dotnet\packs\Microsoft.NETCore.App.Ref\11.0.0-preview.1.26104.118\ref\net11.0\System.Xml.XPath.XDocument.dll" /reference:"C:\Program Files\dotnet\packs\Microsoft.NETCore.App.Ref\11.0.0-preview.1.26104.118\ref\net11.0\WindowsBase.dll" /features:"InterceptorsNamespaces=;Microsoft.Extensions.Validation.Generated" /debug+ /debug:full /filealign:512 /optimize- /out:obj\Debug\net11.0\Engine.Core.Common.dll /refout:obj\Debug\net11.0\refint\Engine.Core.Common.dll /target:library /warnaserror- /utf8output /deterministic+ /sourcelink:obj\Debug\net11.0\Engine.Core.Common.sourcelink.json /langversion:preview /analyzerconfig:"C:\Program Files\dotnet\sdk\11.0.100-preview.1.26104.118\Sdks\Microsoft.NET.Sdk\codestyle\cs\build\config\analysislevelstyle_default.globalconfig" /analyzerconfig:obj\Debug\net11.0\Engine.Core.Common.GeneratedMSBuildEditorConfig.editorconfig /analyzer:"C:\Program Files\dotnet\sdk\11.0.100-preview.1.26104.118\Sdks\Microsoft.NET.Sdk\targets\..\analyzers\Microsoft.CodeAnalysis.CSharp.NetAnalyzers.dll" /analyzer:"C:\Program Files\dotnet\sdk\11.0.100-preview.1.26104.118\Sdks\Microsoft.NET.Sdk\targets\..\analyzers\Microsoft.CodeAnalysis.NetAnalyzers.dll" /analyzer:"C:\Program Files\dotnet\packs\Microsoft.NETCore.App.Ref\11.0.0-preview.1.26104.118\analyzers/dotnet/cs/Microsoft.Interop.ComInterfaceGenerator.dll" /analyzer:"C:\Program Files\dotnet\packs\Microsoft.NETCore.App.Ref\11.0.0-preview.1.26104.118\analyzers/dotnet/cs/Microsoft.Interop.JavaScript.JSImportGenerator.dll" /analyzer:"C:\Program Files\dotnet\packs\Microsoft.NETCore.App.Ref\11.0.0-preview.1.26104.118\analyzers/dotnet/cs/Microsoft.Interop.LibraryImportGenerator.dll" /analyzer:"C:\Program Files\dotnet\packs\Microsoft.NETCore.App.Ref\11.0.0-preview.1.26104.118\analyzers/dotnet/cs/Microsoft.Interop.SourceGeneration.dll" /analyzer:"C:\Program Files\dotnet\packs\Microsoft.NETCore.App.Ref\11.0.0-preview.1.26104.118\analyzers/dotnet/cs/System.Text.Json.SourceGeneration.dll" /analyzer:"C:\Program Files\dotnet\packs\Microsoft.NETCore.App.Ref\11.0.0-preview.1.26104.118\analyzers/dotnet/cs/System.Text.RegularExpressions.Generator.dll" GlobalUsings.cs Source\Features\IO\FileManager\BuiltInFilesProvider.cs Source\Features\IO\FileManager\FileManager.cs Source\Features\Modules\Graphics\Assets\Managament\AssetHandle.cs Source\Features\Modules\Graphics\Assets\Managament\AssetId.cs Source\Features\Modules\Graphics\Assets\Managament\AssetManager.cs Source\Features\Modules\Graphics\Assets\Managament\IAssetLoader.cs Source\Features\Modules\Graphics\Assets\Managament\Loaders\MeshLoader.cs Source\Features\Modules\Graphics\Assets\Managament\Loaders\ShaderLoader.cs Source\Features\Modules\Graphics\Assets\Managament\Loaders\TextureLoader.cs Source\Features\Modules\Graphics\Assets\Resources\CameraData.cs Source\Features\Modules\Graphics\Assets\Resources\Handles.cs Source\Features\Modules\Graphics\Assets\Resources\IAsset.cs Source\Features\Modules\Graphics\Assets\Resources\Material\IAssetData.cs Source\Features\Modules\Graphics\Assets\Resources\Material\IMaterialProperties.cs Source\Features\Modules\Graphics\Assets\Resources\Material\Material.cs Source\Features\Modules\Graphics\Assets\Resources\Material\PBR\PBRMaterial.cs Source\Features\Modules\Graphics\Assets\Resources\Material\PBR\PBRMaterialProperties.cs Source\Features\Modules\Graphics\Assets\Resources\Material\Shader.cs Source\Features\Modules\Graphics\Assets\Resources\Material\TextureMaterial.cs Source\Features\Modules\Graphics\Assets\Resources\Mesh\Mesh.cs Source\Features\Modules\Graphics\Assets\Resources\Mesh\Vertex\IVertex.cs Source\Features\Modules\Graphics\Assets\Resources\Mesh\Vertex\STDVertex.cs Source\Features\Modules\Graphics\Assets\Resources\Mesh\Vertex\VoxelVertex.cs Source\Features\Modules\Graphics\Assets\Resources\TextureAsset.cs Source\Features\Modules\Graphics\BufferDescription.cs Source\Features\Modules\Graphics\Interfaces\GraphicsContext.cs Source\Features\Modules\Graphics\Interfaces\IGraphicsCommandsList.cs Source\Features\Modules\Graphics\Interfaces\IGraphicsDevice.cs Source\Features\Modules\Graphics\Interfaces\IGraphicsFactory.cs Source\Features\Modules\Graphics\Interfaces\IWindowSurface.cs Source\Features\Modules\Graphics\PipelineDescription.cs Source\Features\Modules\Graphics\Rendering\ECS\EP_Camera.cs Source\Features\Modules\Graphics\Rendering\ECS\EP_MeshRenderer.cs Source\Features\Modules\Graphics\Rendering\RenderCommand.cs Source\Features\Modules\Graphics\Rendering\RenderGraph.cs Source\Features\Modules\Graphics\Rendering\RenderManager.cs Source\Features\Modules\Graphics\Rendering\RenderPass.cs Source\Features\Modules\Graphics\Rendering\RenderPasses\RP_ClearColor.cs Source\Features\Modules\Graphics\Rendering\RenderPasses\RP_Forward.cs Source\Features\Modules\IEngineModule.cs Source\Features\Modules\Input\Enums\Key.cs Source\Features\Modules\Input\Enums\MouseButton.cs Source\Features\Modules\Input\IInput.cs Source\Features\Modules\Input\IInputModule.cs Source\Features\Modules\Input\InputManager.cs Source\Features\Modules\VirtualFileSystem\BuiltInFileProvider.cs Source\Features\Modules\VirtualFileSystem\IVirtualFileProvider.cs Source\Features\Modules\VirtualFileSystem\PhysicalFileProvider.cs Source\Features\Modules\VirtualFileSystem\VFileManager.cs Source\Features\Runtime\Platforms\IPlatform.cs Source\Features\Runtime\RuntimeContext\Hosts\IHostBase.cs Source\Features\Runtime\RuntimeContext\IRuntimeContext.cs Source\Features\Runtime\RuntimeContext\Layers\ILayer.cs Source\Features\Runtime\RuntimeContext\Layers\LayerManager.cs Source\Features\UGC\GameBase.cs Source\Features\UGC\GameLoader.cs Source\Features\UGC\IGame.cs Source\GameWorld\Actor\Actor.cs Source\GameWorld\Actor\Behavior\Behavior.cs Source\GameWorld\Actor\Behavior\IBehavior.cs Source\GameWorld\Actor\ECS\EntityProcessor.cs Source\GameWorld\Actor\ECS\IComponent.cs Source\GameWorld\Actor\ECS\IEntityProcessor.cs Source\GameWorld\Actor\ECS\Primitives\Actor\C_Actor.cs Source\GameWorld\Actor\ECS\Primitives\Actor\C_Hierarchy.cs Source\GameWorld\Actor\ECS\Primitives\Actor\C_Transform.cs Source\GameWorld\Actor\ECS\Primitives\Actor\EP_Transform.cs Source\GameWorld\Actor\ECS\Primitives\Actor\HierarchyOperations.cs Source\GameWorld\Actor\ECS\Primitives\Physics\C_RigidBody.cs Source\GameWorld\Actor\ECS\Primitives\Rendering\CamerasRegistries.cs Source\GameWorld\Actor\ECS\Primitives\Rendering\C_Camera.cs Source\GameWorld\Actor\ECS\Primitives\Rendering\C_Mesh.cs Source\GameWorld\World\GameServices\IGameService.cs Source\GameWorld\World\Scenes\GameServices\ISceneGameService.cs Source\GameWorld\World\Scenes\GameServices\SceneGameService.cs Source\GameWorld\World\Scenes\Registries\ActorsRegistry.cs Source\GameWorld\World\Scenes\Registries\EntityProcessorsRegistry.cs Source\GameWorld\World\Scenes\Registries\SceneCommandBuffer.cs Source\GameWorld\World\Scenes\Registries\SceneGameServicesRegistry.cs Source\GameWorld\World\Scenes\Scene.API.cs Source\GameWorld\World\Scenes\Scene.cs Source\GameWorld\World\Scenes\Scene.Lifecycle.cs Source\GameWorld\World\UniverseManager.cs Source\GameWorld\World\Universe\GameService\IUniverseGameService.cs Source\GameWorld\World\Universe\GameService\UniverseGameService.cs Source\GameWorld\World\Universe\Universe.API.cs Source\GameWorld\World\Universe\Universe.cs Source\GameWorld\World\Universe\Universe.Lifecycle.cs Source\GameWorld\World\Universe\UniverseGameServiceRegistry.cs Source\Utility\Time.cs obj\Debug\net11.0\Engine.Core.Common.GlobalUsings.g.cs "obj\Debug\net11.0\.NETCoreApp,Version=v11.0.AssemblyAttributes.cs" obj\Debug\net11.0\Engine.Core.Common.AssemblyInfo.cs /warnaserror+:NU1605,SYSLIB0011
         Compilation request Engine.Core.Common (net11.0), PathToTool=C:\Program Files\dotnet\sdk\11.0.100-preview.1.26104.118\Roslyn\bincore\csc.exe
         CommandLine = ' /noconfig'
         BuildResponseFile = '/unsafe+ /checked- /nowarn:1701,1702,1701,1702,8002 /fullpaths /nostdlib+ /errorreport:prompt /warn:11 /define:JIT;DEBUG;LOGGING;TRACE;DEBUG;NET;NET11_0;NETCOREAPP;NET5_0_OR_GREATER;NET6_0_OR_GREATER;NET7_0_OR_GREATER;NET8_0_OR_GREATER;NET9_0_OR_GREATER;NET10_0_OR_GREATER;NET11_0_OR_GREATER;NETCOREAPP1_0_OR_GREATER;NETCOREAPP1_1_OR_GREATER;NETCOREAPP2_0_OR_GREATER;NETCOREAPP2_1_OR_GREATER;NETCOREAPP2_2_OR_GREATER;NETCOREAPP3_0_OR_GREATER;NETCOREAPP3_1_OR_GREATER /highentropyva+ /nullable:enable /reference:C:\Users\Dmitrist10\Desktop\VoxelGames\Source\Project_08_VE\Source\Librarys\ECS\Arch\obj\Debug\net11.0\ref\Arch.dll /reference:C:\Users\Dmitrist10\.nuget\packages\arch.lowlevel\1.1.5\lib\net7.0\Arch.LowLevel.dll /reference:C:\Users\Dmitrist10\.nuget\packages\assimpnet\4.1.0\lib\netstandard1.3\AssimpNet.dll /reference:C:\Users\Dmitrist10\.nuget\packages\collections.pooled\2.0.0-preview.27\lib\netcoreapp3.0\Collections.Pooled.dll /reference:C:\Users\Dmitrist10\Desktop\VoxelGames\Source\Project_08_VE\Source\Common\Common.Core\obj\Debug\net11.0\ref\Common.Core.dll /reference:C:\Users\Dmitrist10\.nuget\packages\communitytoolkit.highperformance\8.2.2\lib\net7.0\CommunityToolkit.HighPerformance.dll /reference:"C:\Program Files\dotnet\packs\Microsoft.NETCore.App.Ref\11.0.0-preview.1.26104.118\ref\net11.0\Microsoft.CSharp.dll" /reference:C:\Users\Dmitrist10\.nuget\packages\microsoft.extensions.objectpool\7.0.0\lib\net7.0\Microsoft.Extensions.ObjectPool.dll /reference:"C:\Program Files\dotnet\packs\Microsoft.NETCore.App.Ref\11.0.0-preview.1.26104.118\ref\net11.0\Microsoft.VisualBasic.Core.dll" /reference:"C:\Program Files\dotnet\packs\Microsoft.NETCore.App.Ref\11.0.0-preview.1.26104.118\ref\net11.0\Microsoft.VisualBasic.dll" /reference:"C:\Program Files\dotnet\packs\Microsoft.NETCore.App.Ref\11.0.0-preview.1.26104.118\ref\net11.0\Microsoft.Win32.Primitives.dll" /reference:"C:\Program Files\dotnet\packs\Microsoft.NETCore.App.Ref\11.0.0-preview.1.26104.118\ref\net11.0\Microsoft.Win32.Registry.dll" /reference:"C:\Program Files\dotnet\packs\Microsoft.NETCore.App.Ref\11.0.0-preview.1.26104.118\ref\net11.0\mscorlib.dll" /reference:"C:\Program Files\dotnet\packs\Microsoft.NETCore.App.Ref\11.0.0-preview.1.26104.118\ref\net11.0\netstandard.dll" /reference:C:\Users\Dmitrist10\.nuget\packages\zeroallocjobscheduler\1.1.2\lib\netstandard2.1\Schedulers.dll /reference:C:\Users\Dmitrist10\.nuget\packages\stbimagesharp\2.30.15\lib\netstandard2.0\StbImageSharp.dll /reference:"C:\Program Files\dotnet\packs\Microsoft.NETCore.App.Ref\11.0.0-preview.1.26104.118\ref\net11.0\System.AppContext.dll" /reference:"C:\Program Files\dotnet\packs\Microsoft.NETCore.App.Ref\11.0.0-preview.1.26104.118\ref\net11.0\System.Buffers.dll" /reference:"C:\Program Files\dotnet\packs\Microsoft.NETCore.App.Ref\11.0.0-preview.1.26104.118\ref\net11.0\System.Collections.Concurrent.dll" /reference:"C:\Program Files\dotnet\packs\Microsoft.NETCore.App.Ref\11.0.0-preview.1.26104.118\ref\net11.0\System.Collections.dll" /reference:"C:\Program Files\dotnet\packs\Microsoft.NETCore.App.Ref\11.0.0-preview.1.26104.118\ref\net11.0\System.Collections.Immutable.dll" /reference:"C:\Program Files\dotnet\packs\Microsoft.NETCore.App.Ref\11.0.0-preview.1.26104.118\ref\net11.0\System.Collections.NonGeneric.dll" /reference:"C:\Program Files\dotnet\packs\Microsoft.NETCore.App.Ref\11.0.0-preview.1.26104.118\ref\net11.0\System.Collections.Specialized.dll" /reference:"C:\Program Files\dotnet\packs\Microsoft.NETCore.App.Ref\11.0.0-preview.1.26104.118\ref\net11.0\System.ComponentModel.Annotations.dll" /reference:"C:\Program Files\dotnet\packs\Microsoft.NETCore.App.Ref\11.0.0-preview.1.26104.118\ref\net11.0\System.ComponentModel.DataAnnotations.dll" /reference:"C:\Program Files\dotnet\packs\Microsoft.NETCore.App.Ref\11.0.0-preview.1.26104.118\ref\net11.0\System.ComponentModel.dll" /reference:"C:\Program Files\dotnet\packs\Microsoft.NETCore.App.Ref\11.0.0-preview.1.26104.118\ref\net11.0\System.ComponentModel.EventBasedAsync.dll" /reference:"C:\Program Files\dotnet\packs\Microsoft.NETCore.App.Ref\11.0.0-preview.1.26104.118\ref\net11.0\System.ComponentModel.Primitives.dll" /reference:"C:\Program Files\dotnet\packs\Microsoft.NETCore.App.Ref\11.0.0-preview.1.26104.118\ref\net11.0\System.ComponentModel.TypeConverter.dll" /reference:"C:\Program Files\dotnet\packs\Microsoft.NETCore.App.Ref\11.0.0-preview.1.26104.118\ref\net11.0\System.Configuration.dll" /reference:"C:\Program Files\dotnet\packs\Microsoft.NETCore.App.Ref\11.0.0-preview.1.26104.118\ref\net11.0\System.Console.dll" /reference:"C:\Program Files\dotnet\packs\Microsoft.NETCore.App.Ref\11.0.0-preview.1.26104.118\ref\net11.0\System.Core.dll" /reference:"C:\Program Files\dotnet\packs\Microsoft.NETCore.App.Ref\11.0.0-preview.1.26104.118\ref\net11.0\System.Data.Common.dll" /reference:"C:\Program Files\dotnet\packs\Microsoft.NETCore.App.Ref\11.0.0-preview.1.26104.118\ref\net11.0\System.Data.DataSetExtensions.dll" /reference:"C:\Program Files\dotnet\packs\Microsoft.NETCore.App.Ref\11.0.0-preview.1.26104.118\ref\net11.0\System.Data.dll" /reference:"C:\Program Files\dotnet\packs\Microsoft.NETCore.App.Ref\11.0.0-preview.1.26104.118\ref\net11.0\System.Diagnostics.Contracts.dll" /reference:"C:\Program Files\dotnet\packs\Microsoft.NETCore.App.Ref\11.0.0-preview.1.26104.118\ref\net11.0\System.Diagnostics.Debug.dll" /reference:"C:\Program Files\dotnet\packs\Microsoft.NETCore.App.Ref\11.0.0-preview.1.26104.118\ref\net11.0\System.Diagnostics.DiagnosticSource.dll" /reference:"C:\Program Files\dotnet\packs\Microsoft.NETCore.App.Ref\11.0.0-preview.1.26104.118\ref\net11.0\System.Diagnostics.FileVersionInfo.dll" /reference:"C:\Program Files\dotnet\packs\Microsoft.NETCore.App.Ref\11.0.0-preview.1.26104.118\ref\net11.0\System.Diagnostics.Process.dll" /reference:"C:\Program Files\dotnet\packs\Microsoft.NETCore.App.Ref\11.0.0-preview.1.26104.118\ref\net11.0\System.Diagnostics.StackTrace.dll" /reference:"C:\Program Files\dotnet\packs\Microsoft.NETCore.App.Ref\11.0.0-preview.1.26104.118\ref\net11.0\System.Diagnostics.TextWriterTraceListener.dll" /reference:"C:\Program Files\dotnet\packs\Microsoft.NETCore.App.Ref\11.0.0-preview.1.26104.118\ref\net11.0\System.Diagnostics.Tools.dll" /reference:"C:\Program Files\dotnet\packs\Microsoft.NETCore.App.Ref\11.0.0-preview.1.26104.118\ref\net11.0\System.Diagnostics.TraceSource.dll" /reference:"C:\Program Files\dotnet\packs\Microsoft.NETCore.App.Ref\11.0.0-preview.1.26104.118\ref\net11.0\System.Diagnostics.Tracing.dll" /reference:"C:\Program Files\dotnet\packs\Microsoft.NETCore.App.Ref\11.0.0-preview.1.26104.118\ref\net11.0\System.dll" /reference:"C:\Program Files\dotnet\packs\Microsoft.NETCore.App.Ref\11.0.0-preview.1.26104.118\ref\net11.0\System.Drawing.dll" /reference:"C:\Program Files\dotnet\packs\Microsoft.NETCore.App.Ref\11.0.0-preview.1.26104.118\ref\net11.0\System.Drawing.Primitives.dll" /reference:"C:\Program Files\dotnet\packs\Microsoft.NETCore.App.Ref\11.0.0-preview.1.26104.118\ref\net11.0\System.Dynamic.Runtime.dll" /reference:"C:\Program Files\dotnet\packs\Microsoft.NETCore.App.Ref\11.0.0-preview.1.26104.118\ref\net11.0\System.Formats.Asn1.dll" /reference:"C:\Program Files\dotnet\packs\Microsoft.NETCore.App.Ref\11.0.0-preview.1.26104.118\ref\net11.0\System.Formats.Tar.dll" /reference:"C:\Program Files\dotnet\packs\Microsoft.NETCore.App.Ref\11.0.0-preview.1.26104.118\ref\net11.0\System.Globalization.Calendars.dll" /reference:"C:\Program Files\dotnet\packs\Microsoft.NETCore.App.Ref\11.0.0-preview.1.26104.118\ref\net11.0\System.Globalization.dll" /reference:"C:\Program Files\dotnet\packs\Microsoft.NETCore.App.Ref\11.0.0-preview.1.26104.118\ref\net11.0\System.Globalization.Extensions.dll" /reference:"C:\Program Files\dotnet\packs\Microsoft.NETCore.App.Ref\11.0.0-preview.1.26104.118\ref\net11.0\System.IO.Compression.Brotli.dll" /reference:"C:\Program Files\dotnet\packs\Microsoft.NETCore.App.Ref\11.0.0-preview.1.26104.118\ref\net11.0\System.IO.Compression.dll" /reference:"C:\Program Files\dotnet\packs\Microsoft.NETCore.App.Ref\11.0.0-preview.1.26104.118\ref\net11.0\System.IO.Compression.FileSystem.dll" /reference:"C:\Program Files\dotnet\packs\Microsoft.NETCore.App.Ref\11.0.0-preview.1.26104.118\ref\net11.0\System.IO.Compression.ZipFile.dll" /reference:"C:\Program Files\dotnet\packs\Microsoft.NETCore.App.Ref\11.0.0-preview.1.26104.118\ref\net11.0\System.IO.Compression.Zstandard.dll" /reference:"C:\Program Files\dotnet\packs\Microsoft.NETCore.App.Ref\11.0.0-preview.1.26104.118\ref\net11.0\System.IO.dll" /reference:"C:\Program Files\dotnet\packs\Microsoft.NETCore.App.Ref\11.0.0-preview.1.26104.118\ref\net11.0\System.IO.FileSystem.AccessControl.dll" /reference:"C:\Program Files\dotnet\packs\Microsoft.NETCore.App.Ref\11.0.0-preview.1.26104.118\ref\net11.0\System.IO.FileSystem.dll" /reference:"C:\Program Files\dotnet\packs\Microsoft.NETCore.App.Ref\11.0.0-preview.1.26104.118\ref\net11.0\System.IO.FileSystem.DriveInfo.dll" /reference:"C:\Program Files\dotnet\packs\Microsoft.NETCore.App.Ref\11.0.0-preview.1.26104.118\ref\net11.0\System.IO.FileSystem.Primitives.dll" /reference:"C:\Program Files\dotnet\packs\Microsoft.NETCore.App.Ref\11.0.0-preview.1.26104.118\ref\net11.0\System.IO.FileSystem.Watcher.dll" /reference:"C:\Program Files\dotnet\packs\Microsoft.NETCore.App.Ref\11.0.0-preview.1.26104.118\ref\net11.0\System.IO.IsolatedStorage.dll" /reference:"C:\Program Files\dotnet\packs\Microsoft.NETCore.App.Ref\11.0.0-preview.1.26104.118\ref\net11.0\System.IO.MemoryMappedFiles.dll" /reference:"C:\Program Files\dotnet\packs\Microsoft.NETCore.App.Ref\11.0.0-preview.1.26104.118\ref\net11.0\System.IO.Pipelines.dll" /reference:"C:\Program Files\dotnet\packs\Microsoft.NETCore.App.Ref\11.0.0-preview.1.26104.118\ref\net11.0\System.IO.Pipes.AccessControl.dll" /reference:"C:\Program Files\dotnet\packs\Microsoft.NETCore.App.Ref\11.0.0-preview.1.26104.118\ref\net11.0\System.IO.Pipes.dll" /reference:"C:\Program Files\dotnet\packs\Microsoft.NETCore.App.Ref\11.0.0-preview.1.26104.118\ref\net11.0\System.IO.UnmanagedMemoryStream.dll" /reference:"C:\Program Files\dotnet\packs\Microsoft.NETCore.App.Ref\11.0.0-preview.1.26104.118\ref\net11.0\System.Linq.AsyncEnumerable.dll" /reference:"C:\Program Files\dotnet\packs\Microsoft.NETCore.App.Ref\11.0.0-preview.1.26104.118\ref\net11.0\System.Linq.dll" /reference:"C:\Program Files\dotnet\packs\Microsoft.NETCore.App.Ref\11.0.0-preview.1.26104.118\ref\net11.0\System.Linq.Expressions.dll" /reference:"C:\Program Files\dotnet\packs\Microsoft.NETCore.App.Ref\11.0.0-preview.1.26104.118\ref\net11.0\System.Linq.Parallel.dll" /reference:"C:\Program Files\dotnet\packs\Microsoft.NETCore.App.Ref\11.0.0-preview.1.26104.118\ref\net11.0\System.Linq.Queryable.dll" /reference:"C:\Program Files\dotnet\packs\Microsoft.NETCore.App.Ref\11.0.0-preview.1.26104.118\ref\net11.0\System.Memory.dll" /reference:"C:\Program Files\dotnet\packs\Microsoft.NETCore.App.Ref\11.0.0-preview.1.26104.118\ref\net11.0\System.Net.dll" /reference:"C:\Program Files\dotnet\packs\Microsoft.NETCore.App.Ref\11.0.0-preview.1.26104.118\ref\net11.0\System.Net.Http.dll" /reference:"C:\Program Files\dotnet\packs\Microsoft.NETCore.App.Ref\11.0.0-preview.1.26104.118\ref\net11.0\System.Net.Http.Json.dll" /reference:"C:\Program Files\dotnet\packs\Microsoft.NETCore.App.Ref\11.0.0-preview.1.26104.118\ref\net11.0\System.Net.HttpListener.dll" /reference:"C:\Program Files\dotnet\packs\Microsoft.NETCore.App.Ref\11.0.0-preview.1.26104.118\ref\net11.0\System.Net.Mail.dll" /reference:"C:\Program Files\dotnet\packs\Microsoft.NETCore.App.Ref\11.0.0-preview.1.26104.118\ref\net11.0\System.Net.NameResolution.dll" /reference:"C:\Program Files\dotnet\packs\Microsoft.NETCore.App.Ref\11.0.0-preview.1.26104.118\ref\net11.0\System.Net.NetworkInformation.dll" /reference:"C:\Program Files\dotnet\packs\Microsoft.NETCore.App.Ref\11.0.0-preview.1.26104.118\ref\net11.0\System.Net.Ping.dll" /reference:"C:\Program Files\dotnet\packs\Microsoft.NETCore.App.Ref\11.0.0-preview.1.26104.118\ref\net11.0\System.Net.Primitives.dll" /reference:"C:\Program Files\dotnet\packs\Microsoft.NETCore.App.Ref\11.0.0-preview.1.26104.118\ref\net11.0\System.Net.Quic.dll" /reference:"C:\Program Files\dotnet\packs\Microsoft.NETCore.App.Ref\11.0.0-preview.1.26104.118\ref\net11.0\System.Net.Requests.dll" /reference:"C:\Program Files\dotnet\packs\Microsoft.NETCore.App.Ref\11.0.0-preview.1.26104.118\ref\net11.0\System.Net.Security.dll" /reference:"C:\Program Files\dotnet\packs\Microsoft.NETCore.App.Ref\11.0.0-preview.1.26104.118\ref\net11.0\System.Net.ServerSentEvents.dll" /reference:"C:\Program Files\dotnet\packs\Microsoft.NETCore.App.Ref\11.0.0-preview.1.26104.118\ref\net11.0\System.Net.ServicePoint.dll" /reference:"C:\Program Files\dotnet\packs\Microsoft.NETCore.App.Ref\11.0.0-preview.1.26104.118\ref\net11.0\System.Net.Sockets.dll" /reference:"C:\Program Files\dotnet\packs\Microsoft.NETCore.App.Ref\11.0.0-preview.1.26104.118\ref\net11.0\System.Net.WebClient.dll" /reference:"C:\Program Files\dotnet\packs\Microsoft.NETCore.App.Ref\11.0.0-preview.1.26104.118\ref\net11.0\System.Net.WebHeaderCollection.dll" /reference:"C:\Program Files\dotnet\packs\Microsoft.NETCore.App.Ref\11.0.0-preview.1.26104.118\ref\net11.0\System.Net.WebProxy.dll" /reference:"C:\Program Files\dotnet\packs\Microsoft.NETCore.App.Ref\11.0.0-preview.1.26104.118\ref\net11.0\System.Net.WebSockets.Client.dll" /reference:"C:\Program Files\dotnet\packs\Microsoft.NETCore.App.Ref\11.0.0-preview.1.26104.118\ref\net11.0\System.Net.WebSockets.dll" /reference:"C:\Program Files\dotnet\packs\Microsoft.NETCore.App.Ref\11.0.0-preview.1.26104.118\ref\net11.0\System.Numerics.dll" /reference:"C:\Program Files\dotnet\packs\Microsoft.NETCore.App.Ref\11.0.0-preview.1.26104.118\ref\net11.0\System.Numerics.Vectors.dll" /reference:"C:\Program Files\dotnet\packs\Microsoft.NETCore.App.Ref\11.0.0-preview.1.26104.118\ref\net11.0\System.ObjectModel.dll" /reference:"C:\Program Files\dotnet\packs\Microsoft.NETCore.App.Ref\11.0.0-preview.1.26104.118\ref\net11.0\System.Reflection.DispatchProxy.dll" /reference:"C:\Program Files\dotnet\packs\Microsoft.NETCore.App.Ref\11.0.0-preview.1.26104.118\ref\net11.0\System.Reflection.dll" /reference:"C:\Program Files\dotnet\packs\Microsoft.NETCore.App.Ref\11.0.0-preview.1.26104.118\ref\net11.0\System.Reflection.Emit.dll" /reference:"C:\Program Files\dotnet\packs\Microsoft.NETCore.App.Ref\11.0.0-preview.1.26104.118\ref\net11.0\System.Reflection.Emit.ILGeneration.dll" /reference:"C:\Program Files\dotnet\packs\Microsoft.NETCore.App.Ref\11.0.0-preview.1.26104.118\ref\net11.0\System.Reflection.Emit.Lightweight.dll" /reference:"C:\Program Files\dotnet\packs\Microsoft.NETCore.App.Ref\11.0.0-preview.1.26104.118\ref\net11.0\System.Reflection.Extensions.dll" /reference:"C:\Program Files\dotnet\packs\Microsoft.NETCore.App.Ref\11.0.0-preview.1.26104.118\ref\net11.0\System.Reflection.Metadata.dll" /reference:"C:\Program Files\dotnet\packs\Microsoft.NETCore.App.Ref\11.0.0-preview.1.26104.118\ref\net11.0\System.Reflection.Primitives.dll" /reference:"C:\Program Files\dotnet\packs\Microsoft.NETCore.App.Ref\11.0.0-preview.1.26104.118\ref\net11.0\System.Reflection.TypeExtensions.dll" /reference:"C:\Program Files\dotnet\packs\Microsoft.NETCore.App.Ref\11.0.0-preview.1.26104.118\ref\net11.0\System.Resources.Reader.dll" /reference:"C:\Program Files\dotnet\packs\Microsoft.NETCore.App.Ref\11.0.0-preview.1.26104.118\ref\net11.0\System.Resources.ResourceManager.dll" /reference:"C:\Program Files\dotnet\packs\Microsoft.NETCore.App.Ref\11.0.0-preview.1.26104.118\ref\net11.0\System.Resources.Writer.dll" /reference:"C:\Program Files\dotnet\packs\Microsoft.NETCore.App.Ref\11.0.0-preview.1.26104.118\ref\net11.0\System.Runtime.CompilerServices.Unsafe.dll" /reference:"C:\Program Files\dotnet\packs\Microsoft.NETCore.App.Ref\11.0.0-preview.1.26104.118\ref\net11.0\System.Runtime.CompilerServices.VisualC.dll" /reference:"C:\Program Files\dotnet\packs\Microsoft.NETCore.App.Ref\11.0.0-preview.1.26104.118\ref\net11.0\System.Runtime.dll" /reference:"C:\Program Files\dotnet\packs\Microsoft.NETCore.App.Ref\11.0.0-preview.1.26104.118\ref\net11.0\System.Runtime.Extensions.dll" /reference:"C:\Program Files\dotnet\packs\Microsoft.NETCore.App.Ref\11.0.0-preview.1.26104.118\ref\net11.0\System.Runtime.Handles.dll" /reference:"C:\Program Files\dotnet\packs\Microsoft.NETCore.App.Ref\11.0.0-preview.1.26104.118\ref\net11.0\System.Runtime.InteropServices.dll" /reference:"C:\Program Files\dotnet\packs\Microsoft.NETCore.App.Ref\11.0.0-preview.1.26104.118\ref\net11.0\System.Runtime.InteropServices.JavaScript.dll" /reference:"C:\Program Files\dotnet\packs\Microsoft.NETCore.App.Ref\11.0.0-preview.1.26104.118\ref\net11.0\System.Runtime.InteropServices.RuntimeInformation.dll" /reference:"C:\Program Files\dotnet\packs\Microsoft.NETCore.App.Ref\11.0.0-preview.1.26104.118\ref\net11.0\System.Runtime.Intrinsics.dll" /reference:"C:\Program Files\dotnet\packs\Microsoft.NETCore.App.Ref\11.0.0-preview.1.26104.118\ref\net11.0\System.Runtime.Loader.dll" /reference:"C:\Program Files\dotnet\packs\Microsoft.NETCore.App.Ref\11.0.0-preview.1.26104.118\ref\net11.0\System.Runtime.Numerics.dll" /reference:"C:\Program Files\dotnet\packs\Microsoft.NETCore.App.Ref\11.0.0-preview.1.26104.118\ref\net11.0\System.Runtime.Serialization.dll" /reference:"C:\Program Files\dotnet\packs\Microsoft.NETCore.App.Ref\11.0.0-preview.1.26104.118\ref\net11.0\System.Runtime.Serialization.Formatters.dll" /reference:"C:\Program Files\dotnet\packs\Microsoft.NETCore.App.Ref\11.0.0-preview.1.26104.118\ref\net11.0\System.Runtime.Serialization.Json.dll" /reference:"C:\Program Files\dotnet\packs\Microsoft.NETCore.App.Ref\11.0.0-preview.1.26104.118\ref\net11.0\System.Runtime.Serialization.Primitives.dll" /reference:"C:\Program Files\dotnet\packs\Microsoft.NETCore.App.Ref\11.0.0-preview.1.26104.118\ref\net11.0\System.Runtime.Serialization.Xml.dll" /reference:"C:\Program Files\dotnet\packs\Microsoft.NETCore.App.Ref\11.0.0-preview.1.26104.118\ref\net11.0\System.Security.AccessControl.dll" /reference:"C:\Program Files\dotnet\packs\Microsoft.NETCore.App.Ref\11.0.0-preview.1.26104.118\ref\net11.0\System.Security.Claims.dll" /reference:"C:\Program Files\dotnet\packs\Microsoft.NETCore.App.Ref\11.0.0-preview.1.26104.118\ref\net11.0\System.Security.Cryptography.Algorithms.dll" /reference:"C:\Program Files\dotnet\packs\Microsoft.NETCore.App.Ref\11.0.0-preview.1.26104.118\ref\net11.0\System.Security.Cryptography.Cng.dll" /reference:"C:\Program Files\dotnet\packs\Microsoft.NETCore.App.Ref\11.0.0-preview.1.26104.118\ref\net11.0\System.Security.Cryptography.Csp.dll" /reference:"C:\Program Files\dotnet\packs\Microsoft.NETCore.App.Ref\11.0.0-preview.1.26104.118\ref\net11.0\System.Security.Cryptography.dll" /reference:"C:\Program Files\dotnet\packs\Microsoft.NETCore.App.Ref\11.0.0-preview.1.26104.118\ref\net11.0\System.Security.Cryptography.Encoding.dll" /reference:"C:\Program Files\dotnet\packs\Microsoft.NETCore.App.Ref\11.0.0-preview.1.26104.118\ref\net11.0\System.Security.Cryptography.OpenSsl.dll" /reference:"C:\Program Files\dotnet\packs\Microsoft.NETCore.App.Ref\11.0.0-preview.1.26104.118\ref\net11.0\System.Security.Cryptography.Primitives.dll" /reference:"C:\Program Files\dotnet\packs\Microsoft.NETCore.App.Ref\11.0.0-preview.1.26104.118\ref\net11.0\System.Security.Cryptography.X509Certificates.dll" /reference:"C:\Program Files\dotnet\packs\Microsoft.NETCore.App.Ref\11.0.0-preview.1.26104.118\ref\net11.0\System.Security.dll" /reference:"C:\Program Files\dotnet\packs\Microsoft.NETCore.App.Ref\11.0.0-preview.1.26104.118\ref\net11.0\System.Security.Principal.dll" /reference:"C:\Program Files\dotnet\packs\Microsoft.NETCore.App.Ref\11.0.0-preview.1.26104.118\ref\net11.0\System.Security.Principal.Windows.dll" /reference:"C:\Program Files\dotnet\packs\Microsoft.NETCore.App.Ref\11.0.0-preview.1.26104.118\ref\net11.0\System.Security.SecureString.dll" /reference:"C:\Program Files\dotnet\packs\Microsoft.NETCore.App.Ref\11.0.0-preview.1.26104.118\ref\net11.0\System.ServiceModel.Web.dll" /reference:"C:\Program Files\dotnet\packs\Microsoft.NETCore.App.Ref\11.0.0-preview.1.26104.118\ref\net11.0\System.ServiceProcess.dll" /reference:"C:\Program Files\dotnet\packs\Microsoft.NETCore.App.Ref\11.0.0-preview.1.26104.118\ref\net11.0\System.Text.Encoding.CodePages.dll" /reference:"C:\Program Files\dotnet\packs\Microsoft.NETCore.App.Ref\11.0.0-preview.1.26104.118\ref\net11.0\System.Text.Encoding.dll" /reference:"C:\Program Files\dotnet\packs\Microsoft.NETCore.App.Ref\11.0.0-preview.1.26104.118\ref\net11.0\System.Text.Encoding.Extensions.dll" /reference:"C:\Program Files\dotnet\packs\Microsoft.NETCore.App.Ref\11.0.0-preview.1.26104.118\ref\net11.0\System.Text.Encodings.Web.dll" /reference:"C:\Program Files\dotnet\packs\Microsoft.NETCore.App.Ref\11.0.0-preview.1.26104.118\ref\net11.0\System.Text.Json.dll" /reference:"C:\Program Files\dotnet\packs\Microsoft.NETCore.App.Ref\11.0.0-preview.1.26104.118\ref\net11.0\System.Text.RegularExpressions.dll" /reference:"C:\Program Files\dotnet\packs\Microsoft.NETCore.App.Ref\11.0.0-preview.1.26104.118\ref\net11.0\System.Threading.AccessControl.dll" /reference:"C:\Program Files\dotnet\packs\Microsoft.NETCore.App.Ref\11.0.0-preview.1.26104.118\ref\net11.0\System.Threading.Channels.dll" /reference:"C:\Program Files\dotnet\packs\Microsoft.NETCore.App.Ref\11.0.0-preview.1.26104.118\ref\net11.0\System.Threading.dll" /reference:"C:\Program Files\dotnet\packs\Microsoft.NETCore.App.Ref\11.0.0-preview.1.26104.118\ref\net11.0\System.Threading.Overlapped.dll" /reference:"C:\Program Files\dotnet\packs\Microsoft.NETCore.App.Ref\11.0.0-preview.1.26104.118\ref\net11.0\System.Threading.Tasks.Dataflow.dll" /reference:"C:\Program Files\dotnet\packs\Microsoft.NETCore.App.Ref\11.0.0-preview.1.26104.118\ref\net11.0\System.Threading.Tasks.dll" /reference:"C:\Program Files\dotnet\packs\Microsoft.NETCore.App.Ref\11.0.0-preview.1.26104.118\ref\net11.0\System.Threading.Tasks.Extensions.dll" /reference:"C:\Program Files\dotnet\packs\Microsoft.NETCore.App.Ref\11.0.0-preview.1.26104.118\ref\net11.0\System.Threading.Tasks.Parallel.dll" /reference:"C:\Program Files\dotnet\packs\Microsoft.NETCore.App.Ref\11.0.0-preview.1.26104.118\ref\net11.0\System.Threading.Thread.dll" /reference:"C:\Program Files\dotnet\packs\Microsoft.NETCore.App.Ref\11.0.0-preview.1.26104.118\ref\net11.0\System.Threading.ThreadPool.dll" /reference:"C:\Program Files\dotnet\packs\Microsoft.NETCore.App.Ref\11.0.0-preview.1.26104.118\ref\net11.0\System.Threading.Timer.dll" /reference:"C:\Program Files\dotnet\packs\Microsoft.NETCore.App.Ref\11.0.0-preview.1.26104.118\ref\net11.0\System.Transactions.dll" /reference:"C:\Program Files\dotnet\packs\Microsoft.NETCore.App.Ref\11.0.0-preview.1.26104.118\ref\net11.0\System.Transactions.Local.dll" /reference:"C:\Program Files\dotnet\packs\Microsoft.NETCore.App.Ref\11.0.0-preview.1.26104.118\ref\net11.0\System.ValueTuple.dll" /reference:"C:\Program Files\dotnet\packs\Microsoft.NETCore.App.Ref\11.0.0-preview.1.26104.118\ref\net11.0\System.Web.dll" /reference:"C:\Program Files\dotnet\packs\Microsoft.NETCore.App.Ref\11.0.0-preview.1.26104.118\ref\net11.0\System.Web.HttpUtility.dll" /reference:"C:\Program Files\dotnet\packs\Microsoft.NETCore.App.Ref\11.0.0-preview.1.26104.118\ref\net11.0\System.Windows.dll" /reference:"C:\Program Files\dotnet\packs\Microsoft.NETCore.App.Ref\11.0.0-preview.1.26104.118\ref\net11.0\System.Xml.dll" /reference:"C:\Program Files\dotnet\packs\Microsoft.NETCore.App.Ref\11.0.0-preview.1.26104.118\ref\net11.0\System.Xml.Linq.dll" /reference:"C:\Program Files\dotnet\packs\Microsoft.NETCore.App.Ref\11.0.0-preview.1.26104.118\ref\net11.0\System.Xml.ReaderWriter.dll" /reference:"C:\Program Files\dotnet\packs\Microsoft.NETCore.App.Ref\11.0.0-preview.1.26104.118\ref\net11.0\System.Xml.Serialization.dll" /reference:"C:\Program Files\dotnet\packs\Microsoft.NETCore.App.Ref\11.0.0-preview.1.26104.118\ref\net11.0\System.Xml.XDocument.dll" /reference:"C:\Program Files\dotnet\packs\Microsoft.NETCore.App.Ref\11.0.0-preview.1.26104.118\ref\net11.0\System.Xml.XmlDocument.dll" /reference:"C:\Program Files\dotnet\packs\Microsoft.NETCore.App.Ref\11.0.0-preview.1.26104.118\ref\net11.0\System.Xml.XmlSerializer.dll" /reference:"C:\Program Files\dotnet\packs\Microsoft.NETCore.App.Ref\11.0.0-preview.1.26104.118\ref\net11.0\System.Xml.XPath.dll" /reference:"C:\Program Files\dotnet\packs\Microsoft.NETCore.App.Ref\11.0.0-preview.1.26104.118\ref\net11.0\System.Xml.XPath.XDocument.dll" /reference:"C:\Program Files\dotnet\packs\Microsoft.NETCore.App.Ref\11.0.0-preview.1.26104.118\ref\net11.0\WindowsBase.dll" /features:"InterceptorsNamespaces=;Microsoft.Extensions.Validation.Generated" /debug+ /debug:full /filealign:512 /optimize- /out:obj\Debug\net11.0\Engine.Core.Common.dll /refout:obj\Debug\net11.0\refint\Engine.Core.Common.dll /target:library /warnaserror- /utf8output /deterministic+ /sourcelink:obj\Debug\net11.0\Engine.Core.Common.sourcelink.json /langversion:preview /analyzerconfig:"C:\Program Files\dotnet\sdk\11.0.100-preview.1.26104.118\Sdks\Microsoft.NET.Sdk\codestyle\cs\build\config\analysislevelstyle_default.globalconfig" /analyzerconfig:obj\Debug\net11.0\Engine.Core.Common.GeneratedMSBuildEditorConfig.editorconfig /analyzer:"C:\Program Files\dotnet\sdk\11.0.100-preview.1.26104.118\Sdks\Microsoft.NET.Sdk\targets\..\analyzers\Microsoft.CodeAnalysis.CSharp.NetAnalyzers.dll" /analyzer:"C:\Program Files\dotnet\sdk\11.0.100-preview.1.26104.118\Sdks\Microsoft.NET.Sdk\targets\..\analyzers\Microsoft.CodeAnalysis.NetAnalyzers.dll" /analyzer:"C:\Program Files\dotnet\packs\Microsoft.NETCore.App.Ref\11.0.0-preview.1.26104.118\analyzers/dotnet/cs/Microsoft.Interop.ComInterfaceGenerator.dll" /analyzer:"C:\Program Files\dotnet\packs\Microsoft.NETCore.App.Ref\11.0.0-preview.1.26104.118\analyzers/dotnet/cs/Microsoft.Interop.JavaScript.JSImportGenerator.dll" /analyzer:"C:\Program Files\dotnet\packs\Microsoft.NETCore.App.Ref\11.0.0-preview.1.26104.118\analyzers/dotnet/cs/Microsoft.Interop.LibraryImportGenerator.dll" /analyzer:"C:\Program Files\dotnet\packs\Microsoft.NETCore.App.Ref\11.0.0-preview.1.26104.118\analyzers/dotnet/cs/Microsoft.Interop.SourceGeneration.dll" /analyzer:"C:\Program Files\dotnet\packs\Microsoft.NETCore.App.Ref\11.0.0-preview.1.26104.118\analyzers/dotnet/cs/System.Text.Json.SourceGeneration.dll" /analyzer:"C:\Program Files\dotnet\packs\Microsoft.NETCore.App.Ref\11.0.0-preview.1.26104.118\analyzers/dotnet/cs/System.Text.RegularExpressions.Generator.dll" GlobalUsings.cs Source\Features\IO\FileManager\BuiltInFilesProvider.cs Source\Features\IO\FileManager\FileManager.cs Source\Features\Modules\Graphics\Assets\Managament\AssetHandle.cs Source\Features\Modules\Graphics\Assets\Managament\AssetId.cs Source\Features\Modules\Graphics\Assets\Managament\AssetManager.cs Source\Features\Modules\Graphics\Assets\Managament\IAssetLoader.cs Source\Features\Modules\Graphics\Assets\Managament\Loaders\MeshLoader.cs Source\Features\Modules\Graphics\Assets\Managament\Loaders\ShaderLoader.cs Source\Features\Modules\Graphics\Assets\Managament\Loaders\TextureLoader.cs Source\Features\Modules\Graphics\Assets\Resources\CameraData.cs Source\Features\Modules\Graphics\Assets\Resources\Handles.cs Source\Features\Modules\Graphics\Assets\Resources\IAsset.cs Source\Features\Modules\Graphics\Assets\Resources\Material\IAssetData.cs Source\Features\Modules\Graphics\Assets\Resources\Material\IMaterialProperties.cs Source\Features\Modules\Graphics\Assets\Resources\Material\Material.cs Source\Features\Modules\Graphics\Assets\Resources\Material\PBR\PBRMaterial.cs Source\Features\Modules\Graphics\Assets\Resources\Material\PBR\PBRMaterialProperties.cs Source\Features\Modules\Graphics\Assets\Resources\Material\Shader.cs Source\Features\Modules\Graphics\Assets\Resources\Material\TextureMaterial.cs Source\Features\Modules\Graphics\Assets\Resources\Mesh\Mesh.cs Source\Features\Modules\Graphics\Assets\Resources\Mesh\Vertex\IVertex.cs Source\Features\Modules\Graphics\Assets\Resources\Mesh\Vertex\STDVertex.cs Source\Features\Modules\Graphics\Assets\Resources\Mesh\Vertex\VoxelVertex.cs Source\Features\Modules\Graphics\Assets\Resources\TextureAsset.cs Source\Features\Modules\Graphics\BufferDescription.cs Source\Features\Modules\Graphics\Interfaces\GraphicsContext.cs Source\Features\Modules\Graphics\Interfaces\IGraphicsCommandsList.cs Source\Features\Modules\Graphics\Interfaces\IGraphicsDevice.cs Source\Features\Modules\Graphics\Interfaces\IGraphicsFactory.cs Source\Features\Modules\Graphics\Interfaces\IWindowSurface.cs Source\Features\Modules\Graphics\PipelineDescription.cs Source\Features\Modules\Graphics\Rendering\ECS\EP_Camera.cs Source\Features\Modules\Graphics\Rendering\ECS\EP_MeshRenderer.cs Source\Features\Modules\Graphics\Rendering\RenderCommand.cs Source\Features\Modules\Graphics\Rendering\RenderGraph.cs Source\Features\Modules\Graphics\Rendering\RenderManager.cs Source\Features\Modules\Graphics\Rendering\RenderPass.cs Source\Features\Modules\Graphics\Rendering\RenderPasses\RP_ClearColor.cs Source\Features\Modules\Graphics\Rendering\RenderPasses\RP_Forward.cs Source\Features\Modules\IEngineModule.cs Source\Features\Modules\Input\Enums\Key.cs Source\Features\Modules\Input\Enums\MouseButton.cs Source\Features\Modules\Input\IInput.cs Source\Features\Modules\Input\IInputModule.cs Source\Features\Modules\Input\InputManager.cs Source\Features\Modules\VirtualFileSystem\BuiltInFileProvider.cs Source\Features\Modules\VirtualFileSystem\IVirtualFileProvider.cs Source\Features\Modules\VirtualFileSystem\PhysicalFileProvider.cs Source\Features\Modules\VirtualFileSystem\VFileManager.cs Source\Features\Runtime\Platforms\IPlatform.cs Source\Features\Runtime\RuntimeContext\Hosts\IHostBase.cs Source\Features\Runtime\RuntimeContext\IRuntimeContext.cs Source\Features\Runtime\RuntimeContext\Layers\ILayer.cs Source\Features\Runtime\RuntimeContext\Layers\LayerManager.cs Source\Features\UGC\GameBase.cs Source\Features\UGC\GameLoader.cs Source\Features\UGC\IGame.cs Source\GameWorld\Actor\Actor.cs Source\GameWorld\Actor\Behavior\Behavior.cs Source\GameWorld\Actor\Behavior\IBehavior.cs Source\GameWorld\Actor\ECS\EntityProcessor.cs Source\GameWorld\Actor\ECS\IComponent.cs Source\GameWorld\Actor\ECS\IEntityProcessor.cs Source\GameWorld\Actor\ECS\Primitives\Actor\C_Actor.cs Source\GameWorld\Actor\ECS\Primitives\Actor\C_Hierarchy.cs Source\GameWorld\Actor\ECS\Primitives\Actor\C_Transform.cs Source\GameWorld\Actor\ECS\Primitives\Actor\EP_Transform.cs Source\GameWorld\Actor\ECS\Primitives\Actor\HierarchyOperations.cs Source\GameWorld\Actor\ECS\Primitives\Physics\C_RigidBody.cs Source\GameWorld\Actor\ECS\Primitives\Rendering\CamerasRegistries.cs Source\GameWorld\Actor\ECS\Primitives\Rendering\C_Camera.cs Source\GameWorld\Actor\ECS\Primitives\Rendering\C_Mesh.cs Source\GameWorld\World\GameServices\IGameService.cs Source\GameWorld\World\Scenes\GameServices\ISceneGameService.cs Source\GameWorld\World\Scenes\GameServices\SceneGameService.cs Source\GameWorld\World\Scenes\Registries\ActorsRegistry.cs Source\GameWorld\World\Scenes\Registries\EntityProcessorsRegistry.cs Source\GameWorld\World\Scenes\Registries\SceneCommandBuffer.cs Source\GameWorld\World\Scenes\Registries\SceneGameServicesRegistry.cs Source\GameWorld\World\Scenes\Scene.API.cs Source\GameWorld\World\Scenes\Scene.cs Source\GameWorld\World\Scenes\Scene.Lifecycle.cs Source\GameWorld\World\UniverseManager.cs Source\GameWorld\World\Universe\GameService\IUniverseGameService.cs Source\GameWorld\World\Universe\GameService\UniverseGameService.cs Source\GameWorld\World\Universe\Universe.API.cs Source\GameWorld\World\Universe\Universe.cs Source\GameWorld\World\Universe\Universe.Lifecycle.cs Source\GameWorld\World\Universe\UniverseGameServiceRegistry.cs Source\Utility\Time.cs obj\Debug\net11.0\Engine.Core.Common.GlobalUsings.g.cs "obj\Debug\net11.0\.NETCoreApp,Version=v11.0.AssemblyAttributes.cs" obj\Debug\net11.0\Engine.Core.Common.AssemblyInfo.cs /warnaserror+:NU1605,SYSLIB0011'
         Attempt to open named pipe 'zfIXsHfD0EeE1+JjS85sTPecLgHw2flkIzC6+dRb92I'
         Attempt to connect named pipe 'zfIXsHfD0EeE1+JjS85sTPecLgHw2flkIzC6+dRb92I'
         Named pipe 'zfIXsHfD0EeE1+JjS85sTPecLgHw2flkIzC6+dRb92I' connected
         Begin writing request for Engine.Core.Common (net11.0)
         End writing request for Engine.Core.Common (net11.0)
         Begin reading response for Engine.Core.Common (net11.0)
         End reading response for Engine.Core.Common (net11.0)
     1>c:\Users\Dmitrist10\Desktop\VoxelGames\Source\Project_08_VE\Source\VoxelEngine\Engine\Core\Engine.Core.Common\Source\Features\Modules\Graphics\Assets\Managament\Loaders\MeshLoader.cs(54,134): error CS1513: } erwartet. [c:\Users\Dmitrist10\Desktop\VoxelGames\Source\Project_08_VE\Source\VoxelEngine\Engine\Core\Engine.Core.Common\Engine.Core.Common.csproj]
         CompilerServer: server - server processed compilation - Engine.Core.Common (net11.0)
     1>Die Erstellung des Projekts "c:\Users\Dmitrist10\Desktop\VoxelGames\Source\Project_08_VE\Source\VoxelEngine\Engine\Core\Engine.Core.Common\Engine.Core.Common.csproj" ist abgeschlossen (Standardziele) -- FEHLER.

Fehler beim Buildvorgang.

       "c:\Users\Dmitrist10\Desktop\VoxelGames\Source\Project_08_VE\Source\VoxelEngine\Engine\Core\Engine.Core.Common\Engine.Core.Common.csproj" (Restore Ziel) (1) ->
       (Restore Ziel) -> 
         C:\Users\Dmitrist10\Desktop\VoxelGames\Source\Project_08_VE\Source\Librarys\ECS\Arch\Arch.csproj : warning NU1510: PackageReference System.Runtime.CompilerServices.Unsafe wird nicht gek├╝rzt. Erw├ñgen Sie, dieses Paket aus Ihren Abh├ñngigkeiten zu entfernen, da es wahrscheinlich nicht erforderlich ist. [c:\Users\Dmitrist10\Desktop\VoxelGames\Source\Project_08_VE\Source\VoxelEngine\Engine\Core\Engine.Core.Common\Engine.Core.Common.csproj]


       "c:\Users\Dmitrist10\Desktop\VoxelGames\Source\Project_08_VE\Source\VoxelEngine\Engine\Core\Engine.Core.Common\Engine.Core.Common.csproj" (Standardziel) (1:7) ->
       "c:\Users\Dmitrist10\Desktop\VoxelGames\Source\Project_08_VE\Source\Librarys\ECS\Arch\Arch.csproj" (Standardziel) (3:9) ->
       (ResolvePackageAssets Ziel) -> 
         C:\Users\Dmitrist10\Desktop\VoxelGames\Source\Project_08_VE\Source\Librarys\ECS\Arch\Arch.csproj : warning NU1510: PackageReference System.Runtime.CompilerServices.Unsafe wird nicht gek├╝rzt. Erw├ñgen Sie, dieses Paket aus Ihren Abh├ñngigkeiten zu entfernen, da es wahrscheinlich nicht erforderlich ist. [c:\Users\Dmitrist10\Desktop\VoxelGames\Source\Project_08_VE\Source\Librarys\ECS\Arch\Arch.csproj::TargetFramework=net11.0]


       "c:\Users\Dmitrist10\Desktop\VoxelGames\Source\Project_08_VE\Source\VoxelEngine\Engine\Core\Engine.Core.Common\Engine.Core.Common.csproj" (Standardziel) (1:7) ->
       (CoreCompile Ziel) -> 
         c:\Users\Dmitrist10\Desktop\VoxelGames\Source\Project_08_VE\Source\VoxelEngine\Engine\Core\Engine.Core.Common\Source\Features\Modules\Graphics\Assets\Managament\Loaders\MeshLoader.cs(54,134): error CS1513: } erwartet. [c:\Users\Dmitrist10\Desktop\VoxelGames\Source\Project_08_VE\Source\VoxelEngine\Engine\Core\Engine.Core.Common\Engine.Core.Common.csproj]

    2 Warnung(en)
    1 Fehler

Verstrichene Zeit 00:00:01.51
